se3_communication_core.c:36:6:se3_communication_core_init	8	static
se3_communication_core.c:67:12:block_is_magic	32	static
se3_communication_core.c:88:12:find_magic_index	24	static
se3_communication_core.c:111:16:se3_storage_range_add	32	static
se3_communication_core.c:143:6:se3_proto_request_reset	4	static
se3_communication_core.c:157:13:handle_req_recv	24	static
se3_communication_core.c:223:9:se3_proto_recv	64	static
se3_communication_core.c:332:13:handle_resp_send	32	static
se3_communication_core.c:396:9:se3_proto_send	64	static
