Archive member included to satisfy reference by file (symbol)

/Applications/STM32CubeIDE.app/Contents/Eclipse/plugins/com.st.stm32cube.ide.mcu.externaltools.gnu-tools-for-stm32.9-2020-q2-update.macos64_1.5.0.202011040924/tools/bin/../lib/gcc/arm-none-eabi/9.3.1/../../../../arm-none-eabi/lib/thumb/v7e-m/nofp/libc_nano.a(lib_a-atoi.o)
                              Application/src/gattInterface.o (atoi)
/Applications/STM32CubeIDE.app/Contents/Eclipse/plugins/com.st.stm32cube.ide.mcu.externaltools.gnu-tools-for-stm32.9-2020-q2-update.macos64_1.5.0.202011040924/tools/bin/../lib/gcc/arm-none-eabi/9.3.1/../../../../arm-none-eabi/lib/thumb/v7e-m/nofp/libc_nano.a(lib_a-exit.o)
                              /Applications/STM32CubeIDE.app/Contents/Eclipse/plugins/com.st.stm32cube.ide.mcu.externaltools.gnu-tools-for-stm32.9-2020-q2-update.macos64_1.5.0.202011040924/tools/bin/../lib/gcc/arm-none-eabi/9.3.1/../../../../arm-none-eabi/lib/thumb/v7e-m/nofp/crt0.o (exit)
/Applications/STM32CubeIDE.app/Contents/Eclipse/plugins/com.st.stm32cube.ide.mcu.externaltools.gnu-tools-for-stm32.9-2020-q2-update.macos64_1.5.0.202011040924/tools/bin/../lib/gcc/arm-none-eabi/9.3.1/../../../../arm-none-eabi/lib/thumb/v7e-m/nofp/libc_nano.a(lib_a-impure.o)
                              /Applications/STM32CubeIDE.app/Contents/Eclipse/plugins/com.st.stm32cube.ide.mcu.externaltools.gnu-tools-for-stm32.9-2020-q2-update.macos64_1.5.0.202011040924/tools/bin/../lib/gcc/arm-none-eabi/9.3.1/../../../../arm-none-eabi/lib/thumb/v7e-m/nofp/libc_nano.a(lib_a-exit.o) (_global_impure_ptr)
/Applications/STM32CubeIDE.app/Contents/Eclipse/plugins/com.st.stm32cube.ide.mcu.externaltools.gnu-tools-for-stm32.9-2020-q2-update.macos64_1.5.0.202011040924/tools/bin/../lib/gcc/arm-none-eabi/9.3.1/../../../../arm-none-eabi/lib/thumb/v7e-m/nofp/libc_nano.a(lib_a-init.o)
                              /Applications/STM32CubeIDE.app/Contents/Eclipse/plugins/com.st.stm32cube.ide.mcu.externaltools.gnu-tools-for-stm32.9-2020-q2-update.macos64_1.5.0.202011040924/tools/bin/../lib/gcc/arm-none-eabi/9.3.1/../../../../arm-none-eabi/lib/thumb/v7e-m/nofp/crt0.o (__libc_init_array)
/Applications/STM32CubeIDE.app/Contents/Eclipse/plugins/com.st.stm32cube.ide.mcu.externaltools.gnu-tools-for-stm32.9-2020-q2-update.macos64_1.5.0.202011040924/tools/bin/../lib/gcc/arm-none-eabi/9.3.1/../../../../arm-none-eabi/lib/thumb/v7e-m/nofp/libc_nano.a(lib_a-isalpha.o)
                              Application/src/utility.o (isalpha)
/Applications/STM32CubeIDE.app/Contents/Eclipse/plugins/com.st.stm32cube.ide.mcu.externaltools.gnu-tools-for-stm32.9-2020-q2-update.macos64_1.5.0.202011040924/tools/bin/../lib/gcc/arm-none-eabi/9.3.1/../../../../arm-none-eabi/lib/thumb/v7e-m/nofp/libc_nano.a(lib_a-malloc.o)
                              Application/src/Device/se3_sekey.o (malloc)
/Applications/STM32CubeIDE.app/Contents/Eclipse/plugins/com.st.stm32cube.ide.mcu.externaltools.gnu-tools-for-stm32.9-2020-q2-update.macos64_1.5.0.202011040924/tools/bin/../lib/gcc/arm-none-eabi/9.3.1/../../../../arm-none-eabi/lib/thumb/v7e-m/nofp/libc_nano.a(lib_a-memcmp.o)
                              Application/src/Device/se3_algo_aes256hmacsha256.o (memcmp)
/Applications/STM32CubeIDE.app/Contents/Eclipse/plugins/com.st.stm32cube.ide.mcu.externaltools.gnu-tools-for-stm32.9-2020-q2-update.macos64_1.5.0.202011040924/tools/bin/../lib/gcc/arm-none-eabi/9.3.1/../../../../arm-none-eabi/lib/thumb/v7e-m/nofp/libc_nano.a(lib_a-memcpy-stub.o)
                              Application/src/Common/aes256.o (memcpy)
/Applications/STM32CubeIDE.app/Contents/Eclipse/plugins/com.st.stm32cube.ide.mcu.externaltools.gnu-tools-for-stm32.9-2020-q2-update.macos64_1.5.0.202011040924/tools/bin/../lib/gcc/arm-none-eabi/9.3.1/../../../../arm-none-eabi/lib/thumb/v7e-m/nofp/libc_nano.a(lib_a-memmove.o)
                              Application/src/Device/se3_memory.o (memmove)
/Applications/STM32CubeIDE.app/Contents/Eclipse/plugins/com.st.stm32cube.ide.mcu.externaltools.gnu-tools-for-stm32.9-2020-q2-update.macos64_1.5.0.202011040924/tools/bin/../lib/gcc/arm-none-eabi/9.3.1/../../../../arm-none-eabi/lib/thumb/v7e-m/nofp/libc_nano.a(lib_a-memset.o)
                              /Applications/STM32CubeIDE.app/Contents/Eclipse/plugins/com.st.stm32cube.ide.mcu.externaltools.gnu-tools-for-stm32.9-2020-q2-update.macos64_1.5.0.202011040924/tools/bin/../lib/gcc/arm-none-eabi/9.3.1/../../../../arm-none-eabi/lib/thumb/v7e-m/nofp/crt0.o (memset)
/Applications/STM32CubeIDE.app/Contents/Eclipse/plugins/com.st.stm32cube.ide.mcu.externaltools.gnu-tools-for-stm32.9-2020-q2-update.macos64_1.5.0.202011040924/tools/bin/../lib/gcc/arm-none-eabi/9.3.1/../../../../arm-none-eabi/lib/thumb/v7e-m/nofp/libc_nano.a(lib_a-nano-freer.o)
[...]
Memory Configuration

Name             Origin             Length             Attributes
FLASH            0x0000000008060000 0x0000000000200000 xr
RAM              0x0000000020000000 0x0000000000030000 xrw
CCMRAM           0x0000000010000000 0x0000000000010000 rw
*default*        0x0000000000000000 0xffffffffffffffff

Linker script and memory map

LOAD /Applications/STM32CubeIDE.app/Contents/Eclipse/plugins/com.st.stm32cube.ide.mcu.externaltools.gnu-tools-for-stm32.9-2020-q2-update.macos64_1.5.0.202011040924/tools/bin/../lib/gcc/arm-none-eabi/9.3.1/thumb/v7e-m/nofp/crti.o
LOAD /Applications/STM32CubeIDE.app/Contents/Eclipse/plugins/com.st.stm32cube.ide.mcu.externaltools.gnu-tools-for-stm32.9-2020-q2-update.macos64_1.5.0.202011040924/tools/bin/../lib/gcc/arm-none-eabi/9.3.1/thumb/v7e-m/nofp/crtbegin.o
LOAD /Applications/STM32CubeIDE.app/Contents/Eclipse/plugins/com.st.stm32cube.ide.mcu.externaltools.gnu-tools-for-stm32.9-2020-q2-update.macos64_1.5.0.202011040924/tools/bin/../lib/gcc/arm-none-eabi/9.3.1/../../../../arm-none-eabi/lib/thumb/v7e-m/nofp/crt0.o
LOAD Application/SW4STM32/startup_stm32f429xx.o
LOAD Application/src/Common/aes256.o
LOAD Application/src/Common/crc16.o
LOAD Application/src/Common/pbkdf2.o
LOAD Application/src/Common/se3_common.o
LOAD Application/src/Common/sha256.o
LOAD Application/src/Device/se3_FPGA.o
LOAD Application/src/Device/se3_algo_Aes.o
LOAD Application/src/Device/se3_algo_AesHmacSha256s.o
LOAD Application/src/Device/se3_algo_HmacSha256.o
LOAD Application/src/Device/se3_algo_aes256hmacsha256.o
LOAD Application/src/Device/se3_algo_sha256.o
LOAD Application/src/Device/se3_communication_core.o
LOAD Application/src/Device/se3_core.o
LOAD Application/src/Device/se3_core_time.o
LOAD Application/src/Device/se3_dispatcher_core.o
LOAD Application/src/Device/se3_flash.o
LOAD Application/src/Device/se3_keys.o
LOAD Application/src/Device/se3_memory.o
LOAD Application/src/Device/se3_security_core.o
LOAD Application/src/Device/se3_sekey.o
LOAD Application/src/Device/se3_smartcard.o
LOAD Application/src/adc.o
LOAD Application/src/advParser.o
LOAD Application/src/crc.o
LOAD Application/src/dma.o
LOAD Application/src/fmc.o
LOAD Application/src/gattInterface.o
LOAD Application/src/gpio.o
LOAD Application/src/i2c.o
LOAD Application/src/main.o
LOAD Application/src/mainLoop.o
LOAD Application/src/misc.o
LOAD Application/src/rng.o
LOAD Application/src/sdio.o
LOAD Application/src/se3_rand.o
LOAD Application/src/se3_sdio.o
LOAD Application/src/spi.o
LOAD Application/src/stm32f4xx_exti.o
LOAD Application/src/stm32f4xx_hal_msp.o
LOAD Application/src/stm32f4xx_it.o
LOAD Application/src/stm32f4xx_syscfg.o
LOAD Application/src/tim.o
LOAD Application/src/uartInterface.o
LOAD Application/src/usart.o
LOAD Application/src/usb_device.o
LOAD Application/src/usbd_conf.o
LOAD Application/src/usbd_desc.o
LOAD Application/src/usbd_storage_if.o
LOAD Application/src/utility.o
LOAD Drivers/CMSIS/system_stm32f4xx.o
LOAD Drivers/STM32F4xx_HAL_Driver/stm32f4xx_hal.o
LOAD Drivers/STM32F4xx_HAL_Driver/stm32f4xx_hal_adc.o
LOAD Drivers/STM32F4xx_HAL_Driver/stm32f4xx_hal_adc_ex.o
LOAD Drivers/STM32F4xx_HAL_Driver/stm32f4xx_hal_cortex.o
LOAD Drivers/STM32F4xx_HAL_Driver/stm32f4xx_hal_crc.o
LOAD Drivers/STM32F4xx_HAL_Driver/stm32f4xx_hal_dma.o
LOAD Drivers/STM32F4xx_HAL_Driver/stm32f4xx_hal_dma_ex.o
LOAD Drivers/STM32F4xx_HAL_Driver/stm32f4xx_hal_flash.o
LOAD Drivers/STM32F4xx_HAL_Driver/stm32f4xx_hal_flash_ex.o
LOAD Drivers/STM32F4xx_HAL_Driver/stm32f4xx_hal_flash_ramfunc.o
LOAD Drivers/STM32F4xx_HAL_Driver/stm32f4xx_hal_gpio.o
LOAD Drivers/STM32F4xx_HAL_Driver/stm32f4xx_hal_i2c.o
LOAD Drivers/STM32F4xx_HAL_Driver/stm32f4xx_hal_i2c_ex.o
LOAD Drivers/STM32F4xx_HAL_Driver/stm32f4xx_hal_nor.o
LOAD Drivers/STM32F4xx_HAL_Driver/stm32f4xx_hal_pcd.o
LOAD Drivers/STM32F4xx_HAL_Driver/stm32f4xx_hal_pcd_ex.o
LOAD Drivers/STM32F4xx_HAL_Driver/stm32f4xx_hal_pwr.o
LOAD Drivers/STM32F4xx_HAL_Driver/stm32f4xx_hal_pwr_ex.o
LOAD Drivers/STM32F4xx_HAL_Driver/stm32f4xx_hal_rcc.o
LOAD Drivers/STM32F4xx_HAL_Driver/stm32f4xx_hal_rcc_ex.o
LOAD Drivers/STM32F4xx_HAL_Driver/stm32f4xx_hal_rng.o
LOAD Drivers/STM32F4xx_HAL_Driver/stm32f4xx_hal_rtc.o
LOAD Drivers/STM32F4xx_HAL_Driver/stm32f4xx_hal_rtc_ex.o
LOAD Drivers/STM32F4xx_HAL_Driver/stm32f4xx_hal_sd.o
LOAD Drivers/STM32F4xx_HAL_Driver/stm32f4xx_hal_smartcard.o
LOAD Drivers/STM32F4xx_HAL_Driver/stm32f4xx_hal_spi.o
LOAD Drivers/STM32F4xx_HAL_Driver/stm32f4xx_hal_tim.o
LOAD Drivers/STM32F4xx_HAL_Driver/stm32f4xx_hal_tim_ex.o
LOAD Drivers/STM32F4xx_HAL_Driver/stm32f4xx_hal_uart.o
LOAD Drivers/STM32F4xx_HAL_Driver/stm32f4xx_ll_fmc.o
LOAD Drivers/STM32F4xx_HAL_Driver/stm32f4xx_ll_sdmmc.o
LOAD Drivers/STM32F4xx_HAL_Driver/stm32f4xx_ll_usb.o
LOAD Middlewares/USB_Device_Library/usbd_core.o
LOAD Middlewares/USB_Device_Library/usbd_ctlreq.o
LOAD Middlewares/USB_Device_Library/usbd_ioreq.o
LOAD Middlewares/USB_Device_Library/usbd_msc.o
LOAD Middlewares/USB_Device_Library/usbd_msc_bot.o
LOAD Middlewares/USB_Device_Library/usbd_msc_data.o
LOAD Middlewares/USB_Device_Library/usbd_msc_scsi.o
START GROUP
LOAD /Applications/STM32CubeIDE.app/Contents/Eclipse/plugins/com.st.stm32cube.ide.mcu.externaltools.gnu-tools-for-stm32.9-2020-q2-update.macos64_1.5.0.202011040924/tools/bin/../lib/gcc/arm-none-eabi/9.3.1/../../../../arm-none-eabi/lib/thumb/v7e-m/nofp/libc_nano.a
LOAD /Applications/STM32CubeIDE.app/Contents/Eclipse/plugins/com.st.stm32cube.ide.mcu.externaltools.gnu-tools-for-stm32.9-2020-q2-update.macos64_1.5.0.202011040924/tools/bin/../lib/gcc/arm-none-eabi/9.3.1/../../../../arm-none-eabi/lib/thumb/v7e-m/nofp/libm.a
END GROUP
START GROUP
LOAD /Applications/STM32CubeIDE.app/Contents/Eclipse/plugins/com.st.stm32cube.ide.mcu.externaltools.gnu-tools-for-stm32.9-2020-q2-update.macos64_1.5.0.202011040924/tools/bin/../lib/gcc/arm-none-eabi/9.3.1/thumb/v7e-m/nofp/libgcc.a
LOAD /Applications/STM32CubeIDE.app/Contents/Eclipse/plugins/com.st.stm32cube.ide.mcu.externaltools.gnu-tools-for-stm32.9-2020-q2-update.macos64_1.5.0.202011040924/tools/bin/../lib/gcc/arm-none-eabi/9.3.1/../../../../arm-none-eabi/lib/thumb/v7e-m/nofp/libc_nano.a
END GROUP
START GROUP
LOAD /Applications/STM32CubeIDE.app/Contents/Eclipse/plugins/com.st.stm32cube.ide.mcu.externaltools.gnu-tools-for-stm32.9-2020-q2-update.macos64_1.5.0.202011040924/tools/bin/../lib/gcc/arm-none-eabi/9.3.1/thumb/v7e-m/nofp/libgcc.a
LOAD /Applications/STM32CubeIDE.app/Contents/Eclipse/plugins/com.st.stm32cube.ide.mcu.externaltools.gnu-tools-for-stm32.9-2020-q2-update.macos64_1.5.0.202011040924/tools/bin/../lib/gcc/arm-none-eabi/9.3.1/../../../../arm-none-eabi/lib/thumb/v7e-m/nofp/libc_nano.a
LOAD /Applications/STM32CubeIDE.app/Contents/Eclipse/plugins/com.st.stm32cube.ide.mcu.externaltools.gnu-tools-for-stm32.9-2020-q2-update.macos64_1.5.0.202011040924/tools/bin/../lib/gcc/arm-none-eabi/9.3.1/../../../../arm-none-eabi/lib/thumb/v7e-m/nofp/libnosys.a
END GROUP
START GROUP
LOAD /Applications/STM32CubeIDE.app/Contents/Eclipse/plugins/com.st.stm32cube.ide.mcu.externaltools.gnu-tools-for-stm32.9-2020-q2-update.macos64_1.5.0.202011040924/tools/bin/../lib/gcc/arm-none-eabi/9.3.1/thumb/v7e-m/nofp/libgcc.a
LOAD /Applications/STM32CubeIDE.app/Contents/Eclipse/plugins/com.st.stm32cube.ide.mcu.externaltools.gnu-tools-for-stm32.9-2020-q2-update.macos64_1.5.0.202011040924/tools/bin/../lib/gcc/arm-none-eabi/9.3.1/../../../../arm-none-eabi/lib/thumb/v7e-m/nofp/libc_nano.a
LOAD /Applications/STM32CubeIDE.app/Contents/Eclipse/plugins/com.st.stm32cube.ide.mcu.externaltools.gnu-tools-for-stm32.9-2020-q2-update.macos64_1.5.0.202011040924/tools/bin/../lib/gcc/arm-none-eabi/9.3.1/../../../../arm-none-eabi/lib/thumb/v7e-m/nofp/libnosys.a
END GROUP
LOAD /Applications/STM32CubeIDE.app/Contents/Eclipse/plugins/com.st.stm32cube.ide.mcu.externaltools.gnu-tools-for-stm32.9-2020-q2-update.macos64_1.5.0.202011040924/tools/bin/../lib/gcc/arm-none-eabi/9.3.1/thumb/v7e-m/nofp/crtend.o
LOAD /Applications/STM32CubeIDE.app/Contents/Eclipse/plugins/com.st.stm32cube.ide.mcu.externaltools.gnu-tools-for-stm32.9-2020-q2-update.macos64_1.5.0.202011040924/tools/bin/../lib/gcc/arm-none-eabi/9.3.1/thumb/v7e-m/nofp/crtn.o
                0x0000000020030000                _estack = 0x20030000
                0x0000000000000400                _Min_Heap_Size = 0x400
                0x0000000000000200                _Min_Stack_Size = 0x200

.isr_vector     0x0000000008060000      0x1ac
                0x0000000008060000                . = ALIGN (0x4)
 *(.isr_vector)
 .isr_vector    0x0000000008060000      0x1ac Application/SW4STM32/startup_stm32f429xx.o
                0x0000000008060000                g_pfnVectors
                0x00000000080601ac                . = ALIGN (0x4)

.text           0x00000000080601b0    0x1838c
                0x00000000080601b0                . = ALIGN (0x4)
 *(.text)
 .text          0x00000000080601b0       0x40 /Applications/STM32CubeIDE.app/Contents/Eclipse/plugins/com.st.stm32cube.ide.mcu.externaltools.gnu-tools-for-stm32.9-2020-q2-update.macos64_1.5.0.202011040924/tools/bin/../lib/gcc/arm-none-eabi/9.3.1/thumb/v7e-m/nofp/crtbegin.o
 .text          0x00000000080601f0       0x10 /Applications/STM32CubeIDE.app/Contents/Eclipse/plugins/com.st.stm32cube.ide.mcu.externaltools.gnu-tools-for-stm32.9-2020-q2-update.macos64_1.5.0.202011040924/tools/bin/../lib/gcc/arm-none-eabi/9.3.1/../../../../arm-none-eabi/lib/thumb/v7e-m/nofp/libc_nano.a(lib_a-strlen.o)
                0x00000000080601f0                strlen
 .text          0x0000000008060200       0xa0 /Applications/STM32CubeIDE.app/Contents/Eclipse/plugins/com.st.stm32cube.ide.mcu.externaltools.gnu-tools-for-stm32.9-2020-q2-update.macos64_1.5.0.202011040924/tools/bin/../lib/gcc/arm-none-eabi/9.3.1/../../../../arm-none-eabi/lib/thumb/v7e-m/nofp/libc_nano.a(lib_a-memchr.o)
                0x0000000008060200                memchr
 *(.text*)
 .text.Reset_Handler
                0x00000000080602a0       0x50 Application/SW4STM32/startup_stm32f429xx.o
                0x00000000080602a0                Reset_Handler
 .text.Default_Handler
                0x00000000080602f0        0x2 Application/SW4STM32/startup_stm32f429xx.o
                0x00000000080602f0                DMA1_Stream3_IRQHandler
                0x00000000080602f0                HASH_RNG_IRQHandler
                0x00000000080602f0                EXTI2_IRQHandler
                0x00000000080602f0                TIM8_CC_IRQHandler
                0x00000000080602f0                DebugMon_Handler
                0x00000000080602f0                UART8_IRQHandler
                0x00000000080602f0                SPI4_IRQHandler
                0x00000000080602f0                TIM1_CC_IRQHandler
                0x00000000080602f0                DMA2_Stream5_IRQHandler
                0x00000000080602f0                HardFault_Handler
                0x00000000080602f0                DMA1_Stream5_IRQHandler
                0x00000000080602f0                PVD_IRQHandler
                0x00000000080602f0                TAMP_STAMP_IRQHandler
                0x00000000080602f0                PendSV_Handler
                0x00000000080602f0                NMI_Handler
                0x00000000080602f0                CAN2_RX1_IRQHandler
                0x00000000080602f0                EXTI3_IRQHandler
                0x00000000080602f0                TIM8_TRG_COM_TIM14_IRQHandler
                0x00000000080602f0                TIM1_UP_TIM10_IRQHandler
                0x00000000080602f0                TIM8_UP_TIM13_IRQHandler
                0x00000000080602f0                I2C3_ER_IRQHandler
                0x00000000080602f0                EXTI0_IRQHandler
                0x00000000080602f0                I2C2_EV_IRQHandler
                0x00000000080602f0                DMA1_Stream2_IRQHandler
                0x00000000080602f0                CAN1_RX0_IRQHandler
                0x00000000080602f0                FPU_IRQHandler
                0x00000000080602f0                OTG_HS_WKUP_IRQHandler
                0x00000000080602f0                UsageFault_Handler
                0x00000000080602f0                LTDC_ER_IRQHandler
                0x00000000080602f0                CAN2_SCE_IRQHandler
                0x00000000080602f0                DMA2_Stream2_IRQHandler
                0x00000000080602f0                SPI1_IRQHandler
                0x00000000080602f0                TIM6_DAC_IRQHandler
                0x00000000080602f0                TIM1_BRK_TIM9_IRQHandler
                0x00000000080602f0                DCMI_IRQHandler
                0x00000000080602f0                CAN2_RX0_IRQHandler
                0x00000000080602f0                USART6_IRQHandler
                0x00000000080602f0                USART3_IRQHandler
                0x00000000080602f0                CAN1_RX1_IRQHandler
                0x00000000080602f0                UART5_IRQHandler
                0x00000000080602f0                DMA2_Stream0_IRQHandler
                0x00000000080602f0                TIM4_IRQHandler
                0x00000000080602f0                I2C1_EV_IRQHandler
                0x00000000080602f0                DMA1_Stream6_IRQHandler
                0x00000000080602f0                DMA1_Stream1_IRQHandler
                0x00000000080602f0                UART4_IRQHandler
                0x00000000080602f0                TIM3_IRQHandler
                0x00000000080602f0                RCC_IRQHandler
                0x00000000080602f0                TIM8_BRK_TIM12_IRQHandler
                0x00000000080602f0                Default_Handler
                0x00000000080602f0                EXTI15_10_IRQHandler
                0x00000000080602f0                ADC_IRQHandler
                0x00000000080602f0                DMA1_Stream7_IRQHandler
                0x00000000080602f0                SPI5_IRQHandler
                0x00000000080602f0                TIM7_IRQHandler
                0x00000000080602f0                CAN2_TX_IRQHandler
                0x00000000080602f0                TIM5_IRQHandler
                0x00000000080602f0                DMA2_Stream7_IRQHandler
                0x00000000080602f0                I2C3_EV_IRQHandler
                0x00000000080602f0                RTC_WKUP_IRQHandler
                0x00000000080602f0                LTDC_IRQHandler
                0x00000000080602f0                ETH_WKUP_IRQHandler
                0x00000000080602f0                SPI2_IRQHandler
                0x00000000080602f0                OTG_HS_EP1_IN_IRQHandler
                0x00000000080602f0                MemManage_Handler
                0x00000000080602f0                DMA1_Stream0_IRQHandler
                0x00000000080602f0                CAN1_TX_IRQHandler
                0x00000000080602f0                SVC_Handler
                0x00000000080602f0                EXTI4_IRQHandler
                0x00000000080602f0                ETH_IRQHandler
                0x00000000080602f0                OTG_HS_EP1_OUT_IRQHandler
                0x00000000080602f0                WWDG_IRQHandler
                0x00000000080602f0                SPI6_IRQHandler
                0x00000000080602f0                TIM2_IRQHandler
                0x00000000080602f0                OTG_FS_WKUP_IRQHandler
                0x00000000080602f0                TIM1_TRG_COM_TIM11_IRQHandler
                0x00000000080602f0                DMA2D_IRQHandler
                0x00000000080602f0                EXTI1_IRQHandler
                0x00000000080602f0                UART7_IRQHandler
                0x00000000080602f0                USART2_IRQHandler
                0x00000000080602f0                I2C2_ER_IRQHandler
                0x00000000080602f0                DMA2_Stream1_IRQHandler
                0x00000000080602f0                CAN1_SCE_IRQHandler
                0x00000000080602f0                FLASH_IRQHandler
                0x00000000080602f0                DMA2_Stream4_IRQHandler
                0x00000000080602f0                BusFault_Handler
                0x00000000080602f0                USART1_IRQHandler
                0x00000000080602f0                OTG_FS_IRQHandler
                0x00000000080602f0                SPI3_IRQHandler
                0x00000000080602f0                DMA1_Stream4_IRQHandler
                0x00000000080602f0                I2C1_ER_IRQHandler
                0x00000000080602f0                FMC_IRQHandler
                0x00000000080602f0                SAI1_IRQHandler
                0x00000000080602f0                RTC_Alarm_IRQHandler
 .text.B5_AES256_GETUINT32
                0x00000000080602f2       0x50 Application/src/Common/aes256.o
                0x00000000080602f2                B5_AES256_GETUINT32
 .text.B5_AES256_PUTUINT32
                0x0000000008060342       0x40 Application/src/Common/aes256.o
                0x0000000008060342                B5_AES256_PUTUINT32
 *fill*         0x0000000008060382        0x2 
 .text.B5_rijndaelKeySetupEnc
                0x0000000008060384      0x47c Application/src/Common/aes256.o
 .text.B5_rijndaelKeySetupDec
                0x0000000008060800      0x38c Application/src/Common/aes256.o
 .text.B5_rijndaelEncrypt
                0x0000000008060b8c     0x134e Application/src/Common/aes256.o
 .text.B5_rijndaelDecrypt
                0x0000000008061eda     0x134e Application/src/Common/aes256.o
                0x0000000008061eda                B5_rijndaelDecrypt
 .text.B5_Aes256_Init
                0x0000000008063228      0x194 Application/src/Common/aes256.o
                0x0000000008063228                B5_Aes256_Init
 .text.B5_Aes256_SetIV
                0x00000000080633bc       0x7c Application/src/Common/aes256.o
                0x00000000080633bc                B5_Aes256_SetIV
 .text.B5_Aes256_Update
                0x0000000008063438      0x500 Application/src/Common/aes256.o
                0x0000000008063438                B5_Aes256_Update
 .text.B5_Aes256_Finit
                0x0000000008063938       0x14 Application/src/Common/aes256.o
                0x0000000008063938                B5_Aes256_Finit
 .text.xor_bb   0x000000000806394c       0x4a Application/src/Common/pbkdf2.o
 .text.F        0x0000000008063996      0x134 Application/src/Common/pbkdf2.o
 .text.PBKDF2HmacSha256
                0x0000000008063aca       0xb4 Application/src/Common/pbkdf2.o
                0x0000000008063aca                PBKDF2HmacSha256
 .text.se3_req_len_data
                0x0000000008063b7e       0x54 Application/src/Common/se3_common.o
                0x0000000008063b7e                se3_req_len_data
 *fill*         0x0000000008063bd2        0x2 
 .text.se3_resp_len_data_and_headers
                0x0000000008063bd4       0x74 Application/src/Common/se3_common.o
                0x0000000008063bd4                se3_resp_len_data_and_headers
 .text.B5_SHA256_GETUINT32
                0x0000000008063c48       0x4c Application/src/Common/sha256.o
                0x0000000008063c48                B5_SHA256_GETUINT32
 .text.B5_SHA256_PUTUINT32
                0x0000000008063c94       0x52 Application/src/Common/sha256.o
                0x0000000008063c94                B5_SHA256_PUTUINT32
 .text.B5_SHA256_P
                0x0000000008063ce6       0x90 Application/src/Common/sha256.o
                0x0000000008063ce6                B5_SHA256_P
 *fill*         0x0000000008063d76        0x2 
 .text.B5_Sha256ProcessBlock
                0x0000000008063d78     0x20ec Application/src/Common/sha256.o
 .text.B5_Sha256_Init
                0x0000000008065e64       0x88 Application/src/Common/sha256.o
                0x0000000008065e64                B5_Sha256_Init
 .text.B5_Sha256_Update
                0x0000000008065eec       0xe6 Application/src/Common/sha256.o
                0x0000000008065eec                B5_Sha256_Update
 .text.B5_Sha256_Finit
                0x0000000008065fd2      0x11e Application/src/Common/sha256.o
                0x0000000008065fd2                B5_Sha256_Finit
 .text.B5_HmacSha256_Init
                0x00000000080660f0      0x10c Application/src/Common/sha256.o
                0x00000000080660f0                B5_HmacSha256_Init
 .text.B5_HmacSha256_Update
                0x00000000080661fc       0x4a Application/src/Common/sha256.o
                0x00000000080661fc                B5_HmacSha256_Update
 .text.B5_HmacSha256_Finit
                0x0000000008066246       0x6a Application/src/Common/sha256.o
                0x0000000008066246                B5_HmacSha256_Finit
 .text.se3_algo_Aes_init
                0x00000000080662b0      0x13c Application/src/Device/se3_algo_Aes.o
                0x00000000080662b0                se3_algo_Aes_init
 .text.se3_algo_Aes_update
                0x00000000080663ec      0x126 Application/src/Device/se3_algo_Aes.o
                0x00000000080663ec                se3_algo_Aes_update
 *fill*         0x0000000008066512        0x2 
 .text.se3_algo_AesHmacSha256s_init
                0x0000000008066514      0x1ac Application/src/Device/se3_algo_AesHmacSha256s.o
                0x0000000008066514                se3_algo_AesHmacSha256s_init
 .text.se3_algo_AesHmacSha256s_update
                0x00000000080666c0      0x364 Application/src/Device/se3_algo_AesHmacSha256s.o
                0x00000000080666c0                se3_algo_AesHmacSha256s_update
 .text.se3_algo_HmacSha256_init
                0x0000000008066a24       0x48 Application/src/Device/se3_algo_HmacSha256.o
                0x0000000008066a24                se3_algo_HmacSha256_init
 .text.se3_algo_HmacSha256_update
                0x0000000008066a6c       0x7a Application/src/Device/se3_algo_HmacSha256.o
                0x0000000008066a6c                se3_algo_HmacSha256_update
 *fill*         0x0000000008066ae6        0x2 
 .text.se3_algo_aes256hmacsha256_init
                0x0000000008066ae8      0x15c Application/src/Device/se3_algo_aes256hmacsha256.o
                0x0000000008066ae8                se3_algo_aes256hmacsha256_init
 .text.se3_algo_aes256hmacsha256_update
                0x0000000008066c44      0x1de Application/src/Device/se3_algo_aes256hmacsha256.o
                0x0000000008066c44                se3_algo_aes256hmacsha256_update
 .text.se3_algo_Sha256_init
                0x0000000008066e22       0x2e Application/src/Device/se3_algo_sha256.o
                0x0000000008066e22                se3_algo_Sha256_init
 .text.se3_algo_Sha256_update
                0x0000000008066e50       0x7a Application/src/Device/se3_algo_sha256.o
                0x0000000008066e50                se3_algo_Sha256_update
 *fill*         0x0000000008066eca        0x2 
 .text.se3_communication_core_init
                0x0000000008066ecc       0xa4 Application/src/Device/se3_communication_core.o
                0x0000000008066ecc                se3_communication_core_init
 .text.block_is_magic
                0x0000000008066f70       0x5c Application/src/Device/se3_communication_core.o
 .text.find_magic_index
                0x0000000008066fcc       0x68 Application/src/Device/se3_communication_core.o
 .text.se3_storage_range_add
                0x0000000008067034       0x9c Application/src/Device/se3_communication_core.o
 .text.handle_req_recv
                0x00000000080670d0      0x160 Application/src/Device/se3_communication_core.o
 .text.se3_proto_recv
                0x0000000008067230      0x18c Application/src/Device/se3_communication_core.o
                0x0000000008067230                se3_proto_recv
 .text.handle_resp_send
                0x00000000080673bc      0x168 Application/src/Device/se3_communication_core.o
 .text.se3_proto_send
                0x0000000008067524       0xc4 Application/src/Device/se3_communication_core.o
                0x0000000008067524                se3_proto_send
 .text.device_init
                0x00000000080675e8       0x18 Application/src/Device/se3_core.o
                0x00000000080675e8                device_init
 .text.device_loop
                0x0000000008067600       0x34 Application/src/Device/se3_core.o
                0x0000000008067600                device_loop
 .text.invalid_cmd_handler
                0x0000000008067634       0x1e Application/src/Device/se3_core.o
 *fill*         0x0000000008067652        0x2 
 .text.se3_exec
                0x0000000008067654      0x12c Application/src/Device/se3_core.o
 .text.se3_cmd_execute
                0x0000000008067780      0x14c Application/src/Device/se3_core.o
                0x0000000008067780                se3_cmd_execute
 .text.echo     0x00000000080678cc       0x2c Application/src/Device/se3_core.o
                0x00000000080678cc                echo
 .text.factory_init
                0x00000000080678f8       0xa8 Application/src/Device/se3_core.o
                0x00000000080678f8                factory_init
 .text.bootmode_reset
                0x00000000080679a0       0x38 Application/src/Device/se3_core.o
                0x00000000080679a0                bootmode_reset
 .text.se3_time_init
                0x00000000080679d8       0x28 Application/src/Device/se3_core_time.o
                0x00000000080679d8                se3_time_init
 .text.se3_time_get
                0x0000000008067a00       0x18 Application/src/Device/se3_core_time.o
                0x0000000008067a00                se3_time_get
 .text.se3_time_set
                0x0000000008067a18       0x2c Application/src/Device/se3_core_time.o
                0x0000000008067a18                se3_time_set
 .text.se3_time_inc
                0x0000000008067a44       0x4c Application/src/Device/se3_core_time.o
                0x0000000008067a44                se3_time_inc
 .text.get_now_initialized
                0x0000000008067a90       0x14 Application/src/Device/se3_core_time.o
                0x0000000008067a90                get_now_initialized
 .text.sekey_utilities
                0x0000000008067aa4      0x104 Application/src/Device/se3_dispatcher_core.o
                0x0000000008067aa4                sekey_utilities
 .text.error    0x0000000008067ba8       0x1e Application/src/Device/se3_dispatcher_core.o
                0x0000000008067ba8                error
 *fill*         0x0000000008067bc6        0x2 
 .text.config   0x0000000008067bc8       0xf8 Application/src/Device/se3_dispatcher_core.o
                0x0000000008067bc8                config
 .text.challenge
                0x0000000008067cc0      0x10c Application/src/Device/se3_dispatcher_core.o
                0x0000000008067cc0                challenge
 .text.login    0x0000000008067dcc       0xb8 Application/src/Device/se3_dispatcher_core.o
                0x0000000008067dcc                login
 .text.logout   0x0000000008067e84       0x40 Application/src/Device/se3_dispatcher_core.o
                0x0000000008067e84                logout
 .text.key_edit
                0x0000000008067ec4      0x1e0 Application/src/Device/se3_dispatcher_core.o
                0x0000000008067ec4                key_edit
 .text.key_list
                0x00000000080680a4      0x1bc Application/src/Device/se3_dispatcher_core.o
                0x00000000080680a4                key_list
 .text.dispatcher_call
                0x0000000008068260      0x2d8 Application/src/Device/se3_dispatcher_core.o
                0x0000000008068260                dispatcher_call
 .text.se3_dispatcher_init
                0x0000000008068538       0x68 Application/src/Device/se3_dispatcher_core.o
                0x0000000008068538                se3_dispatcher_init
 .text.set_req_hdr
                0x00000000080685a0       0x30 Application/src/Device/se3_dispatcher_core.o
                0x00000000080685a0                set_req_hdr
 .text.login_cleanup
                0x00000000080685d0       0x98 Application/src/Device/se3_dispatcher_core.o
 .text.flash_fill
                0x0000000008068668       0x5c Application/src/Device/se3_flash.o
 .text.flash_zero
                0x00000000080686c4       0x5c Application/src/Device/se3_flash.o
 .text.flash_program
                0x0000000008068720       0x70 Application/src/Device/se3_flash.o
 .text.flash_erase
                0x0000000008068790       0x60 Application/src/Device/se3_flash.o
 .text.flash_swap
                0x00000000080687f0      0x1c4 Application/src/Device/se3_flash.o
 .text.se3_flash_info_setup
                0x00000000080689b4       0x50 Application/src/Device/se3_flash.o
                0x00000000080689b4                se3_flash_info_setup
 .text.se3_flash_init
                0x0000000008068a04      0x144 Application/src/Device/se3_flash.o
                0x0000000008068a04                se3_flash_init
 .text.se3_flash_it_write
                0x0000000008068b48       0x46 Application/src/Device/se3_flash.o
                0x0000000008068b48                se3_flash_it_write
 .text.se3_flash_it_init
                0x0000000008068b8e       0x18 Application/src/Device/se3_flash.o
                0x0000000008068b8e                se3_flash_it_init
 *fill*         0x0000000008068ba6        0x2 
 .text.se3_flash_it_next
                0x0000000008068ba8       0xd8 Application/src/Device/se3_flash.o
                0x0000000008068ba8                se3_flash_it_next
 .text.se3_flash_it_new
                0x0000000008068c80      0x168 Application/src/Device/se3_flash.o
                0x0000000008068c80                se3_flash_it_new
 .text.se3_flash_it_delete
                0x0000000008068de8       0x64 Application/src/Device/se3_flash.o
                0x0000000008068de8                se3_flash_it_delete
 .text.se3_flash_bootmode_reset
                0x0000000008068e4c       0x1c Application/src/Device/se3_flash.o
                0x0000000008068e4c                se3_flash_bootmode_reset
 .text.se3_key_find
                0x0000000008068e68       0x48 Application/src/Device/se3_keys.o
                0x0000000008068e68                se3_key_find
 .text.se3_key_new
                0x0000000008068eb0       0x56 Application/src/Device/se3_keys.o
                0x0000000008068eb0                se3_key_new
 .text.se3_key_read
                0x0000000008068f06       0x8a Application/src/Device/se3_keys.o
                0x0000000008068f06                se3_key_read
 .text.se3_key_equal
                0x0000000008068f90       0xda Application/src/Device/se3_keys.o
                0x0000000008068f90                se3_key_equal
 .text.se3_key_write
                0x000000000806906a       0xe4 Application/src/Device/se3_keys.o
                0x000000000806906a                se3_key_write
 .text.se3_key_fingerprint
                0x000000000806914e       0x32 Application/src/Device/se3_keys.o
                0x000000000806914e                se3_key_fingerprint
 .text.se3_mem_reset
                0x0000000008069180       0x6a Application/src/Device/se3_memory.o
                0x0000000008069180                se3_mem_reset
 .text.se3_mem_init
                0x00000000080691ea       0x3a Application/src/Device/se3_memory.o
                0x00000000080691ea                se3_mem_init
 .text.se3_mem_compact
                0x0000000008069224       0x6c Application/src/Device/se3_memory.o
 .text.se3_mem_defrag
                0x0000000008069290      0x154 Application/src/Device/se3_memory.o
 .text.se3_mem_alloc
                0x00000000080693e4      0x1bc Application/src/Device/se3_memory.o
                0x00000000080693e4                se3_mem_alloc
 .text.se3_mem_ptr
                0x00000000080695a0       0x4e Application/src/Device/se3_memory.o
                0x00000000080695a0                se3_mem_ptr
 .text.se3_mem_free
                0x00000000080695ee       0x72 Application/src/Device/se3_memory.o
                0x00000000080695ee                se3_mem_free
 .text.se3_security_core_init
                0x0000000008069660       0x28 Application/src/Device/se3_security_core.o
                0x0000000008069660                se3_security_core_init
 .text.record_find
                0x0000000008069688       0x46 Application/src/Device/se3_security_core.o
 .text.record_set
                0x00000000080696ce       0xda Application/src/Device/se3_security_core.o
                0x00000000080696ce                record_set
 .text.record_get
                0x00000000080697a8       0x56 Application/src/Device/se3_security_core.o
                0x00000000080697a8                record_get
 *fill*         0x00000000080697fe        0x2 
 .text.crypto_init
                0x0000000008069800      0x19c Application/src/Device/se3_security_core.o
                0x0000000008069800                crypto_init
 .text.crypto_update
                0x000000000806999c      0x14c Application/src/Device/se3_security_core.o
                0x000000000806999c                crypto_update
 .text.crypto_set_time
                0x0000000008069ae8       0x3c Application/src/Device/se3_security_core.o
                0x0000000008069ae8                crypto_set_time
 .text.crypto_list
                0x0000000008069b24       0xe4 Application/src/Device/se3_security_core.o
                0x0000000008069b24                crypto_list
 .text.se3_payload_cryptoinit
                0x0000000008069c08       0x6e Application/src/Device/se3_security_core.o
                0x0000000008069c08                se3_payload_cryptoinit
 .text.se3_payload_encrypt
                0x0000000008069c76       0xb8 Application/src/Device/se3_security_core.o
                0x0000000008069c76                se3_payload_encrypt
 .text.se3_payload_decrypt
                0x0000000008069d2e       0xbe Application/src/Device/se3_security_core.o
                0x0000000008069d2e                se3_payload_decrypt
 .text.sekey_get_implementation_info
                0x0000000008069dec       0x2e Application/src/Device/se3_sekey.o
                0x0000000008069dec                sekey_get_implementation_info
 .text.sekey_get_auth
                0x0000000008069e1a       0x14 Application/src/Device/se3_sekey.o
                0x0000000008069e1a                sekey_get_auth
 *fill*         0x0000000008069e2e        0x2 
 .text.store_user_info
                0x0000000008069e30      0x228 Application/src/Device/se3_sekey.o
                0x0000000008069e30                store_user_info
 .text.load_user_info
                0x000000000806a058      0x142 Application/src/Device/se3_sekey.o
                0x000000000806a058                load_user_info
 *fill*         0x000000000806a19a        0x2 
 .text.load_encrypted_key_data
                0x000000000806a19c      0x384 Application/src/Device/se3_sekey.o
                0x000000000806a19c                load_encrypted_key_data
 .text.load_key_ids
                0x000000000806a520       0xa0 Application/src/Device/se3_sekey.o
                0x000000000806a520                load_key_ids
 .text.delete_all_keys
                0x000000000806a5c0      0x158 Application/src/Device/se3_sekey.o
                0x000000000806a5c0                delete_all_keys
 .text.delete_key
                0x000000000806a718       0xbc Application/src/Device/se3_sekey.o
                0x000000000806a718                delete_key
 .text.insert_key
                0x000000000806a7d4      0x42c Application/src/Device/se3_sekey.o
                0x000000000806a7d4                insert_key
 .text.lookForDeviceOfInterest
                0x000000000806ac00       0xda Application/src/advParser.o
                0x000000000806ac00                lookForDeviceOfInterest
 *fill*         0x000000000806acda        0x2 
 .text.isBLEScan
                0x000000000806acdc      0x33c Application/src/advParser.o
                0x000000000806acdc                isBLEScan
 .text.getServiceUUID
                0x000000000806b018       0x5a Application/src/advParser.o
                0x000000000806b018                getServiceUUID
 *fill*         0x000000000806b072        0x2 
 .text.MX_CRC_Init
                0x000000000806b074       0x1c Application/src/crc.o
                0x000000000806b074                MX_CRC_Init
 .text.HAL_CRC_MspInit
                0x000000000806b090       0x40 Application/src/crc.o
                0x000000000806b090                HAL_CRC_MspInit
 .text.MX_DMA_Init
                0x000000000806b0d0       0x50 Application/src/dma.o
                0x000000000806b0d0                MX_DMA_Init
 .text.MX_FMC_Init
                0x000000000806b120      0x13c Application/src/fmc.o
                0x000000000806b120                MX_FMC_Init
 .text.HAL_FMC_MspInit
                0x000000000806b25c       0xd0 Application/src/fmc.o
 .text.HAL_NOR_MspInit
                0x000000000806b32c       0x14 Application/src/fmc.o
                0x000000000806b32c                HAL_NOR_MspInit
 .text.findService
                0x000000000806b340       0x68 Application/src/gattInterface.o
                0x000000000806b340                findService
 .text.readChar
                0x000000000806b3a8       0xb0 Application/src/gattInterface.o
                0x000000000806b3a8                readChar
 .text.writeResponse
                0x000000000806b458       0xe8 Application/src/gattInterface.o
                0x000000000806b458                writeResponse
 .text.MX_GPIO_Init
                0x000000000806b540      0x19c Application/src/gpio.o
                0x000000000806b540                MX_GPIO_Init
 .text.MX_I2C2_Init
                0x000000000806b6dc       0x54 Application/src/i2c.o
                0x000000000806b6dc                MX_I2C2_Init
 .text.HAL_I2C_MspInit
                0x000000000806b730       0x64 Application/src/i2c.o
                0x000000000806b730                HAL_I2C_MspInit
 .text.main     0x000000000806b794      0x128 Application/src/main.o
                0x000000000806b794                main
 .text.mainLoop
                0x000000000806b8bc      0x3a4 Application/src/mainLoop.o
                0x000000000806b8bc                mainLoop
 .text.safeExit
                0x000000000806bc60       0x34 Application/src/mainLoop.o
                0x000000000806bc60                safeExit
 .text.NVIC_Init
                0x000000000806bc94       0xc4 Application/src/misc.o
                0x000000000806bc94                NVIC_Init
 .text.MX_RNG_Init
                0x000000000806bd58       0x1c Application/src/rng.o
                0x000000000806bd58                MX_RNG_Init
 .text.HAL_RNG_MspInit
                0x000000000806bd74       0x40 Application/src/rng.o
                0x000000000806bd74                HAL_RNG_MspInit
 .text.MX_SDIO_SD_Init
                0x000000000806bdb4       0x50 Application/src/sdio.o
                0x000000000806bdb4                MX_SDIO_SD_Init
 .text.HAL_SD_MspInit
                0x000000000806be04      0x188 Application/src/sdio.o
                0x000000000806be04                HAL_SD_MspInit
 .text.se3_rand32
                0x000000000806bf8c       0x48 Application/src/se3_rand.o
                0x000000000806bf8c                se3_rand32
 .text.se3_rand
                0x000000000806bfd4       0x9c Application/src/se3_rand.o
                0x000000000806bfd4                se3_rand
 .text.secube_sdio_write
                0x000000000806c070       0x5c Application/src/se3_sdio.o
                0x000000000806c070                secube_sdio_write
 .text.secube_sdio_read
                0x000000000806c0cc       0x5c Application/src/se3_sdio.o
                0x000000000806c0cc                secube_sdio_read
 .text.secube_sdio_capacity
                0x000000000806c128       0x54 Application/src/se3_sdio.o
                0x000000000806c128                secube_sdio_capacity
 .text.secube_sdio_isready
                0x000000000806c17c       0x20 Application/src/se3_sdio.o
                0x000000000806c17c                secube_sdio_isready
 .text.MX_SPI5_Init
                0x000000000806c19c       0x60 Application/src/spi.o
                0x000000000806c19c                MX_SPI5_Init
 .text.HAL_SPI_MspInit
                0x000000000806c1fc       0x7c Application/src/spi.o
                0x000000000806c1fc                HAL_SPI_MspInit
 .text.EXTI_Init
                0x000000000806c278       0xe4 Application/src/stm32f4xx_exti.o
                0x000000000806c278                EXTI_Init
 .text.HAL_MspInit
                0x000000000806c35c       0x1a Application/src/stm32f4xx_hal_msp.o
                0x000000000806c35c                HAL_MspInit
 .text.SysTick_Handler
                0x000000000806c376       0x14 Application/src/stm32f4xx_it.o
                0x000000000806c376                SysTick_Handler
 *fill*         0x000000000806c38a        0x2 
 .text.SDIO_IRQHandler
                0x000000000806c38c       0x14 Application/src/stm32f4xx_it.o
                0x000000000806c38c                SDIO_IRQHandler
 .text.DMA2_Stream3_IRQHandler
                0x000000000806c3a0       0x14 Application/src/stm32f4xx_it.o
                0x000000000806c3a0                DMA2_Stream3_IRQHandler
 .text.DMA2_Stream6_IRQHandler
                0x000000000806c3b4       0x14 Application/src/stm32f4xx_it.o
                0x000000000806c3b4                DMA2_Stream6_IRQHandler
 .text.OTG_HS_IRQHandler
                0x000000000806c3c8       0x14 Application/src/stm32f4xx_it.o
                0x000000000806c3c8                OTG_HS_IRQHandler
 .text.EXTI9_5_IRQHandler
                0x000000000806c3dc        0x6 Application/src/stm32f4xx_it.o
                0x000000000806c3dc                EXTI9_5_IRQHandler
 *fill*         0x000000000806c3e2        0x2 
 .text.SYSCFG_EXTILineConfig
                0x000000000806c3e4       0x80 Application/src/stm32f4xx_syscfg.o
                0x000000000806c3e4                SYSCFG_EXTILineConfig
 .text.MX_TIM4_Init
                0x000000000806c464       0x70 Application/src/tim.o
                0x000000000806c464                MX_TIM4_Init
 .text.HAL_TIM_PWM_MspInit
                0x000000000806c4d4       0x40 Application/src/tim.o
                0x000000000806c4d4                HAL_TIM_PWM_MspInit
 .text.HAL_TIM_MspPostInit
                0x000000000806c514       0x44 Application/src/tim.o
                0x000000000806c514                HAL_TIM_MspPostInit
 .text.sendCommand
                0x000000000806c558      0x108 Application/src/uartInterface.o
                0x000000000806c558                sendCommand
 .text.logToDebugger
                0x000000000806c660       0x5c Application/src/uartInterface.o
                0x000000000806c660                logToDebugger
 .text.readLine
                0x000000000806c6bc       0xf6 Application/src/uartInterface.o
                0x000000000806c6bc                readLine
 .text.readFromUart
                0x000000000806c7b2       0x6a Application/src/uartInterface.o
                0x000000000806c7b2                readFromUart
 .text.Error_Handler
                0x000000000806c81c        0xa Application/src/uartInterface.o
                0x000000000806c81c                Error_Handler
 *fill*         0x000000000806c826        0x2 
 .text.SystemClock_Config
                0x000000000806c828       0xd8 Application/src/uartInterface.o
                0x000000000806c828                SystemClock_Config
 .text.systemInit
                0x000000000806c900       0x44 Application/src/uartInterface.o
                0x000000000806c900                systemInit
 .text.MX_USART1_UART_Init
                0x000000000806c944       0x54 Application/src/usart.o
                0x000000000806c944                MX_USART1_UART_Init
 .text.MX_USART6_SMARTCARD_Init
                0x000000000806c998       0x68 Application/src/usart.o
                0x000000000806c998                MX_USART6_SMARTCARD_Init
 .text.MX_UART7_Init
                0x000000000806ca00       0x54 Application/src/usart.o
                0x000000000806ca00                MX_UART7_Init
 .text.HAL_UART_MspInit
                0x000000000806ca54      0x138 Application/src/usart.o
                0x000000000806ca54                HAL_UART_MspInit
 .text.HAL_SMARTCARD_MspInit
                0x000000000806cb8c       0x88 Application/src/usart.o
                0x000000000806cb8c                HAL_SMARTCARD_MspInit
 .text.MX_USB_DEVICE_Init
                0x000000000806cc14       0x38 Application/src/usb_device.o
                0x000000000806cc14                MX_USB_DEVICE_Init
 .text.HAL_PCD_MspInit
                0x000000000806cc4c      0x100 Application/src/usbd_conf.o
                0x000000000806cc4c                HAL_PCD_MspInit
 .text.HAL_PCD_SetupStageCallback
                0x000000000806cd4c       0x24 Application/src/usbd_conf.o
                0x000000000806cd4c                HAL_PCD_SetupStageCallback
 .text.HAL_PCD_DataOutStageCallback
                0x000000000806cd70       0x36 Application/src/usbd_conf.o
                0x000000000806cd70                HAL_PCD_DataOutStageCallback
 .text.HAL_PCD_DataInStageCallback
                0x000000000806cda6       0x34 Application/src/usbd_conf.o
                0x000000000806cda6                HAL_PCD_DataInStageCallback
 .text.HAL_PCD_SOFCallback
                0x000000000806cdda       0x1c Application/src/usbd_conf.o
                0x000000000806cdda                HAL_PCD_SOFCallback
 .text.HAL_PCD_ResetCallback
                0x000000000806cdf6       0x50 Application/src/usbd_conf.o
                0x000000000806cdf6                HAL_PCD_ResetCallback
 *fill*         0x000000000806ce46        0x2 
 .text.HAL_PCD_SuspendCallback
                0x000000000806ce48       0x4c Application/src/usbd_conf.o
                0x000000000806ce48                HAL_PCD_SuspendCallback
 .text.HAL_PCD_ResumeCallback
                0x000000000806ce94       0x1c Application/src/usbd_conf.o
                0x000000000806ce94                HAL_PCD_ResumeCallback
 .text.HAL_PCD_ISOOUTIncompleteCallback
                0x000000000806ceb0       0x24 Application/src/usbd_conf.o
                0x000000000806ceb0                HAL_PCD_ISOOUTIncompleteCallback
 .text.HAL_PCD_ISOINIncompleteCallback
                0x000000000806ced4       0x24 Application/src/usbd_conf.o
                0x000000000806ced4                HAL_PCD_ISOINIncompleteCallback
 .text.HAL_PCD_ConnectCallback
                0x000000000806cef8       0x1c Application/src/usbd_conf.o
                0x000000000806cef8                HAL_PCD_ConnectCallback
 .text.HAL_PCD_DisconnectCallback
                0x000000000806cf14       0x1c Application/src/usbd_conf.o
                0x000000000806cf14                HAL_PCD_DisconnectCallback
 .text.USBD_LL_Init
                0x000000000806cf30       0xa0 Application/src/usbd_conf.o
                0x000000000806cf30                USBD_LL_Init
 .text.USBD_LL_Start
                0x000000000806cfd0       0x1e Application/src/usbd_conf.o
                0x000000000806cfd0                USBD_LL_Start
 .text.USBD_LL_OpenEP
                0x000000000806cfee       0x34 Application/src/usbd_conf.o
                0x000000000806cfee                USBD_LL_OpenEP
 .text.USBD_LL_CloseEP
                0x000000000806d022       0x26 Application/src/usbd_conf.o
                0x000000000806d022                USBD_LL_CloseEP
 .text.USBD_LL_FlushEP
                0x000000000806d048       0x26 Application/src/usbd_conf.o
                0x000000000806d048                USBD_LL_FlushEP
 .text.USBD_LL_StallEP
                0x000000000806d06e       0x26 Application/src/usbd_conf.o
                0x000000000806d06e                USBD_LL_StallEP
 .text.USBD_LL_ClearStallEP
                0x000000000806d094       0x26 Application/src/usbd_conf.o
                0x000000000806d094                USBD_LL_ClearStallEP
 .text.USBD_LL_IsStallEP
                0x000000000806d0ba       0x56 Application/src/usbd_conf.o
                0x000000000806d0ba                USBD_LL_IsStallEP
 .text.USBD_LL_SetUSBAddress
                0x000000000806d110       0x26 Application/src/usbd_conf.o
                0x000000000806d110                USBD_LL_SetUSBAddress
 .text.USBD_LL_Transmit
                0x000000000806d136       0x2e Application/src/usbd_conf.o
                0x000000000806d136                USBD_LL_Transmit
 .text.USBD_LL_PrepareReceive
                0x000000000806d164       0x2e Application/src/usbd_conf.o
                0x000000000806d164                USBD_LL_PrepareReceive
 .text.USBD_LL_GetRxDataSize
                0x000000000806d192       0x26 Application/src/usbd_conf.o
                0x000000000806d192                USBD_LL_GetRxDataSize
 .text.USBD_HS_DeviceDescriptor
                0x000000000806d1b8       0x24 Application/src/usbd_desc.o
                0x000000000806d1b8                USBD_HS_DeviceDescriptor
 .text.USBD_HS_LangIDStrDescriptor
                0x000000000806d1dc       0x24 Application/src/usbd_desc.o
                0x000000000806d1dc                USBD_HS_LangIDStrDescriptor
 .text.USBD_HS_ProductStrDescriptor
                0x000000000806d200       0x3c Application/src/usbd_desc.o
                0x000000000806d200                USBD_HS_ProductStrDescriptor
 .text.USBD_HS_ManufacturerStrDescriptor
                0x000000000806d23c       0x28 Application/src/usbd_desc.o
                0x000000000806d23c                USBD_HS_ManufacturerStrDescriptor
 .text.USBD_HS_SerialStrDescriptor
                0x000000000806d264       0x3c Application/src/usbd_desc.o
                0x000000000806d264                USBD_HS_SerialStrDescriptor
 .text.USBD_HS_ConfigStrDescriptor
                0x000000000806d2a0       0x3c Application/src/usbd_desc.o
                0x000000000806d2a0                USBD_HS_ConfigStrDescriptor
 .text.USBD_HS_InterfaceStrDescriptor
                0x000000000806d2dc       0x3c Application/src/usbd_desc.o
                0x000000000806d2dc                USBD_HS_InterfaceStrDescriptor
 .text.STORAGE_Init_HS
                0x000000000806d318       0x16 Application/src/usbd_storage_if.o
 .text.STORAGE_GetCapacity_HS
                0x000000000806d32e       0x30 Application/src/usbd_storage_if.o
 .text.STORAGE_IsReady_HS
                0x000000000806d35e       0x28 Application/src/usbd_storage_if.o
 .text.STORAGE_IsWriteProtected_HS
                0x000000000806d386       0x16 Application/src/usbd_storage_if.o
 .text.STORAGE_Read_HS
                0x000000000806d39c       0x40 Application/src/usbd_storage_if.o
 .text.STORAGE_Write_HS
                0x000000000806d3dc       0x34 Application/src/usbd_storage_if.o
 .text.STORAGE_GetMaxLun_HS
                0x000000000806d410        0xe Application/src/usbd_storage_if.o
 .text.split_string
                0x000000000806d41e      0x21a Application/src/utility.o
                0x000000000806d41e                split_string
 .text.string_to_hex
                0x000000000806d638      0x300 Application/src/utility.o
                0x000000000806d638                string_to_hex
 .text.SystemInit
                0x000000000806d938       0x5c Drivers/CMSIS/system_stm32f4xx.o
                0x000000000806d938                SystemInit
 .text.HAL_Init
                0x000000000806d994       0x44 Drivers/STM32F4xx_HAL_Driver/stm32f4xx_hal.o
                0x000000000806d994                HAL_Init
 .text.HAL_InitTick
                0x000000000806d9d8       0x38 Drivers/STM32F4xx_HAL_Driver/stm32f4xx_hal.o
                0x000000000806d9d8                HAL_InitTick
 .text.HAL_IncTick
                0x000000000806da10       0x1c Drivers/STM32F4xx_HAL_Driver/stm32f4xx_hal.o
                0x000000000806da10                HAL_IncTick
 .text.HAL_GetTick
                0x000000000806da2c       0x14 Drivers/STM32F4xx_HAL_Driver/stm32f4xx_hal.o
                0x000000000806da2c                HAL_GetTick
 .text.HAL_Delay
                0x000000000806da40       0x2e Drivers/STM32F4xx_HAL_Driver/stm32f4xx_hal.o
                0x000000000806da40                HAL_Delay
 *fill*         0x000000000806da6e        0x2 
 .text.NVIC_SetPriorityGrouping
                0x000000000806da70       0x48 Drivers/STM32F4xx_HAL_Driver/stm32f4xx_hal_cortex.o
 .text.NVIC_GetPriorityGrouping
                0x000000000806dab8       0x1c Drivers/STM32F4xx_HAL_Driver/stm32f4xx_hal_cortex.o
 .text.NVIC_EnableIRQ
                0x000000000806dad4       0x30 Drivers/STM32F4xx_HAL_Driver/stm32f4xx_hal_cortex.o
 .text.NVIC_SetPriority
                0x000000000806db04       0x54 Drivers/STM32F4xx_HAL_Driver/stm32f4xx_hal_cortex.o
 .text.NVIC_EncodePriority
                0x000000000806db58       0x64 Drivers/STM32F4xx_HAL_Driver/stm32f4xx_hal_cortex.o
 .text.SysTick_Config
                0x000000000806dbbc       0x44 Drivers/STM32F4xx_HAL_Driver/stm32f4xx_hal_cortex.o
 .text.HAL_NVIC_SetPriorityGrouping
                0x000000000806dc00       0x16 Drivers/STM32F4xx_HAL_Driver/stm32f4xx_hal_cortex.o
                0x000000000806dc00                HAL_NVIC_SetPriorityGrouping
 .text.HAL_NVIC_SetPriority
                0x000000000806dc16       0x38 Drivers/STM32F4xx_HAL_Driver/stm32f4xx_hal_cortex.o
                0x000000000806dc16                HAL_NVIC_SetPriority
 .text.HAL_NVIC_EnableIRQ
                0x000000000806dc4e       0x1c Drivers/STM32F4xx_HAL_Driver/stm32f4xx_hal_cortex.o
                0x000000000806dc4e                HAL_NVIC_EnableIRQ
 .text.HAL_SYSTICK_Config
                0x000000000806dc6a       0x18 Drivers/STM32F4xx_HAL_Driver/stm32f4xx_hal_cortex.o
                0x000000000806dc6a                HAL_SYSTICK_Config
 *fill*         0x000000000806dc82        0x2 
 .text.HAL_SYSTICK_CLKSourceConfig
                0x000000000806dc84       0x38 Drivers/STM32F4xx_HAL_Driver/stm32f4xx_hal_cortex.o
                0x000000000806dc84                HAL_SYSTICK_CLKSourceConfig
 .text.HAL_SYSTICK_IRQHandler
                0x000000000806dcbc        0xc Drivers/STM32F4xx_HAL_Driver/stm32f4xx_hal_cortex.o
                0x000000000806dcbc                HAL_SYSTICK_IRQHandler
 .text.HAL_SYSTICK_Callback
                0x000000000806dcc8        0xc Drivers/STM32F4xx_HAL_Driver/stm32f4xx_hal_cortex.o
                0x000000000806dcc8                HAL_SYSTICK_Callback
 .text.HAL_CRC_Init
                0x000000000806dcd4       0x3e Drivers/STM32F4xx_HAL_Driver/stm32f4xx_hal_crc.o
                0x000000000806dcd4                HAL_CRC_Init
 *fill*         0x000000000806dd12        0x2 
 .text.HAL_DMA_Init
                0x000000000806dd14       0xd8 Drivers/STM32F4xx_HAL_Driver/stm32f4xx_hal_dma.o
                0x000000000806dd14                HAL_DMA_Init
 .text.HAL_DMA_Start_IT
                0x000000000806ddec       0x82 Drivers/STM32F4xx_HAL_Driver/stm32f4xx_hal_dma.o
                0x000000000806ddec                HAL_DMA_Start_IT
 .text.HAL_DMA_Abort
                0x000000000806de6e       0x7c Drivers/STM32F4xx_HAL_Driver/stm32f4xx_hal_dma.o
                0x000000000806de6e                HAL_DMA_Abort
 *fill*         0x000000000806deea        0x2 
 .text.HAL_DMA_IRQHandler
                0x000000000806deec      0x2d8 Drivers/STM32F4xx_HAL_Driver/stm32f4xx_hal_dma.o
                0x000000000806deec                HAL_DMA_IRQHandler
 .text.DMA_SetConfig
                0x000000000806e1c4       0x5a Drivers/STM32F4xx_HAL_Driver/stm32f4xx_hal_dma.o
 *fill*         0x000000000806e21e        0x2 
 .text.DMA_CalcBaseAndBitshift
                0x000000000806e220       0x68 Drivers/STM32F4xx_HAL_Driver/stm32f4xx_hal_dma.o
 .text.HAL_FLASH_Program
                0x000000000806e288       0xa8 Drivers/STM32F4xx_HAL_Driver/stm32f4xx_hal_flash.o
                0x000000000806e288                HAL_FLASH_Program
 .text.HAL_FLASH_Unlock
                0x000000000806e330       0x34 Drivers/STM32F4xx_HAL_Driver/stm32f4xx_hal_flash.o
                0x000000000806e330                HAL_FLASH_Unlock
 .text.HAL_FLASH_Lock
                0x000000000806e364       0x20 Drivers/STM32F4xx_HAL_Driver/stm32f4xx_hal_flash.o
                0x000000000806e364                HAL_FLASH_Lock
 .text.FLASH_WaitForLastOperation
                0x000000000806e384       0x84 Drivers/STM32F4xx_HAL_Driver/stm32f4xx_hal_flash.o
                0x000000000806e384                FLASH_WaitForLastOperation
 .text.FLASH_Program_DoubleWord
                0x000000000806e408       0x48 Drivers/STM32F4xx_HAL_Driver/stm32f4xx_hal_flash.o
 .text.FLASH_Program_Word
                0x000000000806e450       0x44 Drivers/STM32F4xx_HAL_Driver/stm32f4xx_hal_flash.o
 .text.FLASH_Program_HalfWord
                0x000000000806e494       0x44 Drivers/STM32F4xx_HAL_Driver/stm32f4xx_hal_flash.o
 .text.FLASH_Program_Byte
                0x000000000806e4d8       0x40 Drivers/STM32F4xx_HAL_Driver/stm32f4xx_hal_flash.o
 .text.FLASH_SetErrorCode
                0x000000000806e518       0xcc Drivers/STM32F4xx_HAL_Driver/stm32f4xx_hal_flash.o
 .text.HAL_FLASHEx_Erase
                0x000000000806e5e4       0xe4 Drivers/STM32F4xx_HAL_Driver/stm32f4xx_hal_flash_ex.o
                0x000000000806e5e4                HAL_FLASHEx_Erase
 .text.FLASH_MassErase
                0x000000000806e6c8       0x70 Drivers/STM32F4xx_HAL_Driver/stm32f4xx_hal_flash_ex.o
 .text.FLASH_Erase_Sector
                0x000000000806e738       0xb0 Drivers/STM32F4xx_HAL_Driver/stm32f4xx_hal_flash_ex.o
                0x000000000806e738                FLASH_Erase_Sector
 .text.FLASH_FlushCaches
                0x000000000806e7e8       0x88 Drivers/STM32F4xx_HAL_Driver/stm32f4xx_hal_flash_ex.o
                0x000000000806e7e8                FLASH_FlushCaches
 .text.HAL_GPIO_Init
                0x000000000806e870      0x354 Drivers/STM32F4xx_HAL_Driver/stm32f4xx_hal_gpio.o
                0x000000000806e870                HAL_GPIO_Init
 .text.HAL_GPIO_WritePin
                0x000000000806ebc4       0x30 Drivers/STM32F4xx_HAL_Driver/stm32f4xx_hal_gpio.o
                0x000000000806ebc4                HAL_GPIO_WritePin
 .text.HAL_I2C_Init
                0x000000000806ebf4      0x1c4 Drivers/STM32F4xx_HAL_Driver/stm32f4xx_hal_i2c.o
                0x000000000806ebf4                HAL_I2C_Init
 .text.HAL_NOR_Init
                0x000000000806edb8       0x90 Drivers/STM32F4xx_HAL_Driver/stm32f4xx_hal_nor.o
                0x000000000806edb8                HAL_NOR_Init
 .text.HAL_PCD_Init
                0x000000000806ee48      0x20e Drivers/STM32F4xx_HAL_Driver/stm32f4xx_hal_pcd.o
                0x000000000806ee48                HAL_PCD_Init
 .text.HAL_PCD_Start
                0x000000000806f056       0x44 Drivers/STM32F4xx_HAL_Driver/stm32f4xx_hal_pcd.o
                0x000000000806f056                HAL_PCD_Start
 .text.HAL_PCD_IRQHandler
                0x000000000806f09a      0x798 Drivers/STM32F4xx_HAL_Driver/stm32f4xx_hal_pcd.o
                0x000000000806f09a                HAL_PCD_IRQHandler
 .text.HAL_PCD_SetAddress
                0x000000000806f832       0x42 Drivers/STM32F4xx_HAL_Driver/stm32f4xx_hal_pcd.o
                0x000000000806f832                HAL_PCD_SetAddress
 .text.HAL_PCD_EP_Open
                0x000000000806f874       0xd2 Drivers/STM32F4xx_HAL_Driver/stm32f4xx_hal_pcd.o
                0x000000000806f874                HAL_PCD_EP_Open
 .text.HAL_PCD_EP_Close
                0x000000000806f946       0x96 Drivers/STM32F4xx_HAL_Driver/stm32f4xx_hal_pcd.o
                0x000000000806f946                HAL_PCD_EP_Close
 .text.HAL_PCD_EP_Receive
                0x000000000806f9dc       0xb4 Drivers/STM32F4xx_HAL_Driver/stm32f4xx_hal_pcd.o
                0x000000000806f9dc                HAL_PCD_EP_Receive
 .text.HAL_PCD_EP_GetRxCount
                0x000000000806fa90       0x30 Drivers/STM32F4xx_HAL_Driver/stm32f4xx_hal_pcd.o
                0x000000000806fa90                HAL_PCD_EP_GetRxCount
 .text.HAL_PCD_EP_Transmit
                0x000000000806fac0       0xb0 Drivers/STM32F4xx_HAL_Driver/stm32f4xx_hal_pcd.o
                0x000000000806fac0                HAL_PCD_EP_Transmit
 .text.HAL_PCD_EP_SetStall
                0x000000000806fb70       0xb8 Drivers/STM32F4xx_HAL_Driver/stm32f4xx_hal_pcd.o
                0x000000000806fb70                HAL_PCD_EP_SetStall
 .text.HAL_PCD_EP_ClrStall
                0x000000000806fc28       0x98 Drivers/STM32F4xx_HAL_Driver/stm32f4xx_hal_pcd.o
                0x000000000806fc28                HAL_PCD_EP_ClrStall
 .text.HAL_PCD_EP_Flush
                0x000000000806fcc0       0x5a Drivers/STM32F4xx_HAL_Driver/stm32f4xx_hal_pcd.o
                0x000000000806fcc0                HAL_PCD_EP_Flush
 .text.PCD_WriteEmptyTxFifo
                0x000000000806fd1a      0x102 Drivers/STM32F4xx_HAL_Driver/stm32f4xx_hal_pcd.o
 .text.HAL_PCDEx_SetTxFiFo
                0x000000000806fe1c       0x94 Drivers/STM32F4xx_HAL_Driver/stm32f4xx_hal_pcd_ex.o
                0x000000000806fe1c                HAL_PCDEx_SetTxFiFo
 .text.HAL_PCDEx_SetRxFiFo
                0x000000000806feb0       0x20 Drivers/STM32F4xx_HAL_Driver/stm32f4xx_hal_pcd_ex.o
                0x000000000806feb0                HAL_PCDEx_SetRxFiFo
 .text.HAL_RCC_OscConfig
                0x000000000806fed0      0x428 Drivers/STM32F4xx_HAL_Driver/stm32f4xx_hal_rcc.o
                0x000000000806fed0                HAL_RCC_OscConfig
 .text.HAL_RCC_ClockConfig
                0x00000000080702f8      0x1ec Drivers/STM32F4xx_HAL_Driver/stm32f4xx_hal_rcc.o
                0x00000000080702f8                HAL_RCC_ClockConfig
 .text.HAL_RCC_MCOConfig
                0x00000000080704e4       0xd0 Drivers/STM32F4xx_HAL_Driver/stm32f4xx_hal_rcc.o
                0x00000000080704e4                HAL_RCC_MCOConfig
 .text.HAL_RCC_GetSysClockFreq
                0x00000000080705b4       0xfc Drivers/STM32F4xx_HAL_Driver/stm32f4xx_hal_rcc.o
                0x00000000080705b4                HAL_RCC_GetSysClockFreq
 .text.HAL_RCC_GetHCLKFreq
                0x00000000080706b0       0x50 Drivers/STM32F4xx_HAL_Driver/stm32f4xx_hal_rcc.o
                0x00000000080706b0                HAL_RCC_GetHCLKFreq
 .text.HAL_RCC_GetPCLK1Freq
                0x0000000008070700       0x44 Drivers/STM32F4xx_HAL_Driver/stm32f4xx_hal_rcc.o
                0x0000000008070700                HAL_RCC_GetPCLK1Freq
 .text.HAL_RCC_GetPCLK2Freq
                0x0000000008070744       0x44 Drivers/STM32F4xx_HAL_Driver/stm32f4xx_hal_rcc.o
                0x0000000008070744                HAL_RCC_GetPCLK2Freq
 .text.HAL_RNG_Init
                0x0000000008070788       0x66 Drivers/STM32F4xx_HAL_Driver/stm32f4xx_hal_rng.o
                0x0000000008070788                HAL_RNG_Init
 .text.HAL_RNG_GenerateRandomNumber
                0x00000000080707ee       0x96 Drivers/STM32F4xx_HAL_Driver/stm32f4xx_hal_rng.o
                0x00000000080707ee                HAL_RNG_GenerateRandomNumber
 .text.HAL_SD_Init
                0x0000000008070884       0xea Drivers/STM32F4xx_HAL_Driver/stm32f4xx_hal_sd.o
                0x0000000008070884                HAL_SD_Init
 *fill*         0x000000000807096e        0x2 
 .text.HAL_SD_ReadBlocks_DMA
                0x0000000008070970      0x18c Drivers/STM32F4xx_HAL_Driver/stm32f4xx_hal_sd.o
                0x0000000008070970                HAL_SD_ReadBlocks_DMA
 .text.HAL_SD_WriteBlocks_DMA
                0x0000000008070afc      0x198 Drivers/STM32F4xx_HAL_Driver/stm32f4xx_hal_sd.o
                0x0000000008070afc                HAL_SD_WriteBlocks_DMA
 .text.HAL_SD_CheckReadOperation
                0x0000000008070c94       0xbc Drivers/STM32F4xx_HAL_Driver/stm32f4xx_hal_sd.o
                0x0000000008070c94                HAL_SD_CheckReadOperation
 .text.HAL_SD_CheckWriteOperation
                0x0000000008070d50       0xca Drivers/STM32F4xx_HAL_Driver/stm32f4xx_hal_sd.o
                0x0000000008070d50                HAL_SD_CheckWriteOperation
 .text.HAL_SD_IRQHandler
                0x0000000008070e1a      0x104 Drivers/STM32F4xx_HAL_Driver/stm32f4xx_hal_sd.o
                0x0000000008070e1a                HAL_SD_IRQHandler
 .text.HAL_SD_XferCpltCallback
                0x0000000008070f1e       0x12 Drivers/STM32F4xx_HAL_Driver/stm32f4xx_hal_sd.o
                0x0000000008070f1e                HAL_SD_XferCpltCallback
 .text.HAL_SD_XferErrorCallback
                0x0000000008070f30       0x12 Drivers/STM32F4xx_HAL_Driver/stm32f4xx_hal_sd.o
                0x0000000008070f30                HAL_SD_XferErrorCallback
 .text.HAL_SD_DMA_RxCpltCallback
                0x0000000008070f42       0x12 Drivers/STM32F4xx_HAL_Driver/stm32f4xx_hal_sd.o
                0x0000000008070f42                HAL_SD_DMA_RxCpltCallback
 .text.HAL_SD_DMA_RxErrorCallback
                0x0000000008070f54       0x12 Drivers/STM32F4xx_HAL_Driver/stm32f4xx_hal_sd.o
                0x0000000008070f54                HAL_SD_DMA_RxErrorCallback
 .text.HAL_SD_DMA_TxCpltCallback
                0x0000000008070f66       0x12 Drivers/STM32F4xx_HAL_Driver/stm32f4xx_hal_sd.o
                0x0000000008070f66                HAL_SD_DMA_TxCpltCallback
 .text.HAL_SD_DMA_TxErrorCallback
                0x0000000008070f78       0x12 Drivers/STM32F4xx_HAL_Driver/stm32f4xx_hal_sd.o
                0x0000000008070f78                HAL_SD_DMA_TxErrorCallback
 .text.HAL_SD_Get_CardInfo
                0x0000000008070f8a      0x61e Drivers/STM32F4xx_HAL_Driver/stm32f4xx_hal_sd.o
                0x0000000008070f8a                HAL_SD_Get_CardInfo
 .text.HAL_SD_WideBusOperation_Config
                0x00000000080715a8       0xd0 Drivers/STM32F4xx_HAL_Driver/stm32f4xx_hal_sd.o
                0x00000000080715a8                HAL_SD_WideBusOperation_Config
 .text.HAL_SD_StopTransfer
                0x0000000008071678       0x48 Drivers/STM32F4xx_HAL_Driver/stm32f4xx_hal_sd.o
                0x0000000008071678                HAL_SD_StopTransfer
 .text.HAL_SD_GetStatus
                0x00000000080716c0       0x34 Drivers/STM32F4xx_HAL_Driver/stm32f4xx_hal_sd.o
                0x00000000080716c0                HAL_SD_GetStatus
 .text.SD_DMA_RxCplt
                0x00000000080716f4       0x36 Drivers/STM32F4xx_HAL_Driver/stm32f4xx_hal_sd.o
 .text.SD_DMA_RxError
                0x000000000807172a       0x20 Drivers/STM32F4xx_HAL_Driver/stm32f4xx_hal_sd.o
 .text.SD_DMA_TxCplt
                0x000000000807174a       0x36 Drivers/STM32F4xx_HAL_Driver/stm32f4xx_hal_sd.o
 .text.SD_DMA_TxError
                0x0000000008071780       0x20 Drivers/STM32F4xx_HAL_Driver/stm32f4xx_hal_sd.o
 .text.SD_GetState
                0x00000000080717a0       0x36 Drivers/STM32F4xx_HAL_Driver/stm32f4xx_hal_sd.o
 .text.SD_Initialize_Cards
                0x00000000080717d6      0x186 Drivers/STM32F4xx_HAL_Driver/stm32f4xx_hal_sd.o
 .text.SD_Select_Deselect
                0x000000000807195c       0x52 Drivers/STM32F4xx_HAL_Driver/stm32f4xx_hal_sd.o
 *fill*         0x00000000080719ae        0x2 
 .text.SD_PowerON
                0x00000000080719b0      0x1c8 Drivers/STM32F4xx_HAL_Driver/stm32f4xx_hal_sd.o
 .text.SD_SendStatus
                0x0000000008071b78       0x72 Drivers/STM32F4xx_HAL_Driver/stm32f4xx_hal_sd.o
 .text.SD_CmdError
                0x0000000008071bea       0x76 Drivers/STM32F4xx_HAL_Driver/stm32f4xx_hal_sd.o
 .text.SD_CmdResp7Error
                0x0000000008071c60       0xae Drivers/STM32F4xx_HAL_Driver/stm32f4xx_hal_sd.o
 *fill*         0x0000000008071d0e        0x2 
 .text.SD_CmdResp1Error
                0x0000000008071d10      0x1ac Drivers/STM32F4xx_HAL_Driver/stm32f4xx_hal_sd.o
 .text.SD_CmdResp3Error
                0x0000000008071ebc       0x50 Drivers/STM32F4xx_HAL_Driver/stm32f4xx_hal_sd.o
 .text.SD_CmdResp2Error
                0x0000000008071f0c       0x6e Drivers/STM32F4xx_HAL_Driver/stm32f4xx_hal_sd.o
 .text.SD_CmdResp6Error
                0x0000000008071f7a       0xd8 Drivers/STM32F4xx_HAL_Driver/stm32f4xx_hal_sd.o
 .text.SD_WideBus_Enable
                0x0000000008072052       0xf0 Drivers/STM32F4xx_HAL_Driver/stm32f4xx_hal_sd.o
 .text.SD_WideBus_Disable
                0x0000000008072142       0xf0 Drivers/STM32F4xx_HAL_Driver/stm32f4xx_hal_sd.o
 .text.SD_FindSCR
                0x0000000008072232      0x218 Drivers/STM32F4xx_HAL_Driver/stm32f4xx_hal_sd.o
 .text.HAL_SMARTCARD_Init
                0x000000000807244a       0xfe Drivers/STM32F4xx_HAL_Driver/stm32f4xx_hal_smartcard.o
                0x000000000807244a                HAL_SMARTCARD_Init
 .text.SMARTCARD_SetConfig
                0x0000000008072548      0x290 Drivers/STM32F4xx_HAL_Driver/stm32f4xx_hal_smartcard.o
 .text.HAL_SPI_Init
                0x00000000080727d8       0xd6 Drivers/STM32F4xx_HAL_Driver/stm32f4xx_hal_spi.o
                0x00000000080727d8                HAL_SPI_Init
 .text.HAL_TIM_PWM_Init
                0x00000000080728ae       0x56 Drivers/STM32F4xx_HAL_Driver/stm32f4xx_hal_tim.o
                0x00000000080728ae                HAL_TIM_PWM_Init
 .text.HAL_TIM_PWM_ConfigChannel
                0x0000000008072904      0x18c Drivers/STM32F4xx_HAL_Driver/stm32f4xx_hal_tim.o
                0x0000000008072904                HAL_TIM_PWM_ConfigChannel
 .text.TIM_Base_SetConfig
                0x0000000008072a90      0x150 Drivers/STM32F4xx_HAL_Driver/stm32f4xx_hal_tim.o
                0x0000000008072a90                TIM_Base_SetConfig
 .text.TIM_OC2_SetConfig
                0x0000000008072be0       0xf0 Drivers/STM32F4xx_HAL_Driver/stm32f4xx_hal_tim.o
                0x0000000008072be0                TIM_OC2_SetConfig
 .text.TIM_OC1_SetConfig
                0x0000000008072cd0       0xe4 Drivers/STM32F4xx_HAL_Driver/stm32f4xx_hal_tim.o
 .text.TIM_OC3_SetConfig
                0x0000000008072db4       0xec Drivers/STM32F4xx_HAL_Driver/stm32f4xx_hal_tim.o
 .text.TIM_OC4_SetConfig
                0x0000000008072ea0       0xc0 Drivers/STM32F4xx_HAL_Driver/stm32f4xx_hal_tim.o
 .text.HAL_TIMEx_MasterConfigSynchronization
                0x0000000008072f60       0x88 Drivers/STM32F4xx_HAL_Driver/stm32f4xx_hal_tim_ex.o
                0x0000000008072f60                HAL_TIMEx_MasterConfigSynchronization
 .text.HAL_UART_Init
                0x0000000008072fe8       0x9a Drivers/STM32F4xx_HAL_Driver/stm32f4xx_hal_uart.o
                0x0000000008072fe8                HAL_UART_Init
 .text.HAL_UART_Transmit
                0x0000000008073082      0x116 Drivers/STM32F4xx_HAL_Driver/stm32f4xx_hal_uart.o
                0x0000000008073082                HAL_UART_Transmit
 .text.HAL_UART_Receive
                0x0000000008073198      0x136 Drivers/STM32F4xx_HAL_Driver/stm32f4xx_hal_uart.o
                0x0000000008073198                HAL_UART_Receive
 .text.UART_WaitOnFlagUntilTimeout
                0x00000000080732ce      0x144 Drivers/STM32F4xx_HAL_Driver/stm32f4xx_hal_uart.o
 *fill*         0x0000000008073412        0x2 
 .text.UART_SetConfig
                0x0000000008073414      0x438 Drivers/STM32F4xx_HAL_Driver/stm32f4xx_hal_uart.o
 .text.FMC_NORSRAM_Init
                0x000000000807384c       0xc8 Drivers/STM32F4xx_HAL_Driver/stm32f4xx_ll_fmc.o
                0x000000000807384c                FMC_NORSRAM_Init
 .text.FMC_NORSRAM_Timing_Init
                0x0000000008073914       0xa2 Drivers/STM32F4xx_HAL_Driver/stm32f4xx_ll_fmc.o
                0x0000000008073914                FMC_NORSRAM_Timing_Init
 *fill*         0x00000000080739b6        0x2 
 .text.FMC_NORSRAM_Extended_Timing_Init
                0x00000000080739b8       0x7c Drivers/STM32F4xx_HAL_Driver/stm32f4xx_ll_fmc.o
                0x00000000080739b8                FMC_NORSRAM_Extended_Timing_Init
 .text.SDIO_Init
                0x0000000008073a34       0x54 Drivers/STM32F4xx_HAL_Driver/stm32f4xx_ll_sdmmc.o
                0x0000000008073a34                SDIO_Init
 .text.SDIO_ReadFIFO
                0x0000000008073a88       0x18 Drivers/STM32F4xx_HAL_Driver/stm32f4xx_ll_sdmmc.o
                0x0000000008073a88                SDIO_ReadFIFO
 .text.SDIO_PowerState_ON
                0x0000000008073aa0       0x1a Drivers/STM32F4xx_HAL_Driver/stm32f4xx_ll_sdmmc.o
                0x0000000008073aa0                SDIO_PowerState_ON
 .text.SDIO_GetPowerState
                0x0000000008073aba       0x1a Drivers/STM32F4xx_HAL_Driver/stm32f4xx_ll_sdmmc.o
                0x0000000008073aba                SDIO_GetPowerState
 .text.SDIO_SendCommand
                0x0000000008073ad4       0x52 Drivers/STM32F4xx_HAL_Driver/stm32f4xx_ll_sdmmc.o
                0x0000000008073ad4                SDIO_SendCommand
 .text.SDIO_GetCommandResponse
                0x0000000008073b26       0x18 Drivers/STM32F4xx_HAL_Driver/stm32f4xx_ll_sdmmc.o
                0x0000000008073b26                SDIO_GetCommandResponse
 *fill*         0x0000000008073b3e        0x2 
 .text.SDIO_GetResponse
                0x0000000008073b40       0x28 Drivers/STM32F4xx_HAL_Driver/stm32f4xx_ll_sdmmc.o
                0x0000000008073b40                SDIO_GetResponse
 .text.SDIO_DataConfig
                0x0000000008073b68       0x56 Drivers/STM32F4xx_HAL_Driver/stm32f4xx_ll_sdmmc.o
                0x0000000008073b68                SDIO_DataConfig
 .text.USB_CoreInit
                0x0000000008073bbe       0xa2 Drivers/STM32F4xx_HAL_Driver/stm32f4xx_ll_usb.o
                0x0000000008073bbe                USB_CoreInit
 .text.USB_EnableGlobalInt
                0x0000000008073c60       0x20 Drivers/STM32F4xx_HAL_Driver/stm32f4xx_ll_usb.o
                0x0000000008073c60                USB_EnableGlobalInt
 .text.USB_DisableGlobalInt
                0x0000000008073c80       0x20 Drivers/STM32F4xx_HAL_Driver/stm32f4xx_ll_usb.o
                0x0000000008073c80                USB_DisableGlobalInt
 .text.USB_SetCurrentMode
                0x0000000008073ca0       0x4e Drivers/STM32F4xx_HAL_Driver/stm32f4xx_ll_usb.o
                0x0000000008073ca0                USB_SetCurrentMode
 *fill*         0x0000000008073cee        0x2 
 .text.USB_DevInit
                0x0000000008073cf0      0x260 Drivers/STM32F4xx_HAL_Driver/stm32f4xx_ll_usb.o
                0x0000000008073cf0                USB_DevInit
 .text.USB_FlushTxFifo
                0x0000000008073f50       0x48 Drivers/STM32F4xx_HAL_Driver/stm32f4xx_ll_usb.o
                0x0000000008073f50                USB_FlushTxFifo
 .text.USB_FlushRxFifo
                0x0000000008073f98       0x40 Drivers/STM32F4xx_HAL_Driver/stm32f4xx_ll_usb.o
                0x0000000008073f98                USB_FlushRxFifo
 .text.USB_SetDevSpeed
                0x0000000008073fd8       0x2c Drivers/STM32F4xx_HAL_Driver/stm32f4xx_ll_usb.o
                0x0000000008073fd8                USB_SetDevSpeed
 .text.USB_GetDevSpeed
                0x0000000008074004       0x68 Drivers/STM32F4xx_HAL_Driver/stm32f4xx_ll_usb.o
                0x0000000008074004                USB_GetDevSpeed
 .text.USB_ActivateEndpoint
                0x000000000807406c      0x108 Drivers/STM32F4xx_HAL_Driver/stm32f4xx_ll_usb.o
                0x000000000807406c                USB_ActivateEndpoint
 .text.USB_DeactivateEndpoint
                0x0000000008074174       0xe8 Drivers/STM32F4xx_HAL_Driver/stm32f4xx_ll_usb.o
                0x0000000008074174                USB_DeactivateEndpoint
 .text.USB_EPStartXfer
                0x000000000807425c      0x45c Drivers/STM32F4xx_HAL_Driver/stm32f4xx_ll_usb.o
                0x000000000807425c                USB_EPStartXfer
 .text.USB_EP0StartXfer
                0x00000000080746b8      0x29e Drivers/STM32F4xx_HAL_Driver/stm32f4xx_ll_usb.o
                0x00000000080746b8                USB_EP0StartXfer
 .text.USB_WritePacket
                0x0000000008074956       0x68 Drivers/STM32F4xx_HAL_Driver/stm32f4xx_ll_usb.o
                0x0000000008074956                USB_WritePacket
 .text.USB_ReadPacket
                0x00000000080749be       0x4c Drivers/STM32F4xx_HAL_Driver/stm32f4xx_ll_usb.o
                0x00000000080749be                USB_ReadPacket
 .text.USB_EPSetStall
                0x0000000008074a0a       0xd8 Drivers/STM32F4xx_HAL_Driver/stm32f4xx_ll_usb.o
                0x0000000008074a0a                USB_EPSetStall
 .text.USB_EPClearStall
                0x0000000008074ae2       0xd0 Drivers/STM32F4xx_HAL_Driver/stm32f4xx_ll_usb.o
                0x0000000008074ae2                USB_EPClearStall
 .text.USB_SetDevAddress
                0x0000000008074bb2       0x46 Drivers/STM32F4xx_HAL_Driver/stm32f4xx_ll_usb.o
                0x0000000008074bb2                USB_SetDevAddress
 .text.USB_DevConnect
                0x0000000008074bf8       0x2c Drivers/STM32F4xx_HAL_Driver/stm32f4xx_ll_usb.o
                0x0000000008074bf8                USB_DevConnect
 .text.USB_DevDisconnect
                0x0000000008074c24       0x2c Drivers/STM32F4xx_HAL_Driver/stm32f4xx_ll_usb.o
                0x0000000008074c24                USB_DevDisconnect
 .text.USB_ReadInterrupts
                0x0000000008074c50       0x28 Drivers/STM32F4xx_HAL_Driver/stm32f4xx_ll_usb.o
                0x0000000008074c50                USB_ReadInterrupts
 .text.USB_ReadDevAllOutEpInterrupt
                0x0000000008074c78       0x2e Drivers/STM32F4xx_HAL_Driver/stm32f4xx_ll_usb.o
                0x0000000008074c78                USB_ReadDevAllOutEpInterrupt
 .text.USB_ReadDevAllInEpInterrupt
                0x0000000008074ca6       0x2e Drivers/STM32F4xx_HAL_Driver/stm32f4xx_ll_usb.o
                0x0000000008074ca6                USB_ReadDevAllInEpInterrupt
 .text.USB_ReadDevOutEPInterrupt
                0x0000000008074cd4       0x36 Drivers/STM32F4xx_HAL_Driver/stm32f4xx_ll_usb.o
                0x0000000008074cd4                USB_ReadDevOutEPInterrupt
 .text.USB_ReadDevInEPInterrupt
                0x0000000008074d0a       0x52 Drivers/STM32F4xx_HAL_Driver/stm32f4xx_ll_usb.o
                0x0000000008074d0a                USB_ReadDevInEPInterrupt
 .text.USB_GetMode
                0x0000000008074d5c       0x1a Drivers/STM32F4xx_HAL_Driver/stm32f4xx_ll_usb.o
                0x0000000008074d5c                USB_GetMode
 .text.USB_ActivateSetup
                0x0000000008074d76       0x64 Drivers/STM32F4xx_HAL_Driver/stm32f4xx_ll_usb.o
                0x0000000008074d76                USB_ActivateSetup
 .text.USB_EP0_OutStart
                0x0000000008074dda       0x82 Drivers/STM32F4xx_HAL_Driver/stm32f4xx_ll_usb.o
                0x0000000008074dda                USB_EP0_OutStart
 .text.USB_CoreReset
                0x0000000008074e5c       0x64 Drivers/STM32F4xx_HAL_Driver/stm32f4xx_ll_usb.o
 .text.USBD_Init
                0x0000000008074ec0       0x56 Middlewares/USB_Device_Library/usbd_core.o
                0x0000000008074ec0                USBD_Init
 .text.USBD_RegisterClass
                0x0000000008074f16       0x32 Middlewares/USB_Device_Library/usbd_core.o
                0x0000000008074f16                USBD_RegisterClass
 .text.USBD_Start
                0x0000000008074f48       0x18 Middlewares/USB_Device_Library/usbd_core.o
                0x0000000008074f48                USBD_Start
 .text.USBD_RunTestMode
                0x0000000008074f60       0x14 Middlewares/USB_Device_Library/usbd_core.o
                0x0000000008074f60                USBD_RunTestMode
 .text.USBD_SetClassConfig
                0x0000000008074f74       0x3e Middlewares/USB_Device_Library/usbd_core.o
                0x0000000008074f74                USBD_SetClassConfig
 .text.USBD_ClrClassConfig
                0x0000000008074fb2       0x26 Middlewares/USB_Device_Library/usbd_core.o
                0x0000000008074fb2                USBD_ClrClassConfig
 .text.USBD_LL_SetupStage
                0x0000000008074fd8       0x9a Middlewares/USB_Device_Library/usbd_core.o
                0x0000000008074fd8                USBD_LL_SetupStage
 .text.USBD_LL_DataOutStage
                0x0000000008075072       0xb6 Middlewares/USB_Device_Library/usbd_core.o
                0x0000000008075072                USBD_LL_DataOutStage
 .text.USBD_LL_DataInStage
                0x0000000008075128      0x11e Middlewares/USB_Device_Library/usbd_core.o
                0x0000000008075128                USBD_LL_DataInStage
 .text.USBD_LL_Reset
                0x0000000008075246       0x5e Middlewares/USB_Device_Library/usbd_core.o
                0x0000000008075246                USBD_LL_Reset
 .text.USBD_LL_SetSpeed
                0x00000000080752a4       0x1e Middlewares/USB_Device_Library/usbd_core.o
                0x00000000080752a4                USBD_LL_SetSpeed
 .text.USBD_LL_Suspend
                0x00000000080752c2       0x28 Middlewares/USB_Device_Library/usbd_core.o
                0x00000000080752c2                USBD_LL_Suspend
 .text.USBD_LL_Resume
                0x00000000080752ea       0x20 Middlewares/USB_Device_Library/usbd_core.o
                0x00000000080752ea                USBD_LL_Resume
 .text.USBD_LL_SOF
                0x000000000807530a       0x34 Middlewares/USB_Device_Library/usbd_core.o
                0x000000000807530a                USBD_LL_SOF
 .text.USBD_LL_IsoINIncomplete
                0x000000000807533e       0x18 Middlewares/USB_Device_Library/usbd_core.o
                0x000000000807533e                USBD_LL_IsoINIncomplete
 .text.USBD_LL_IsoOUTIncomplete
                0x0000000008075356       0x18 Middlewares/USB_Device_Library/usbd_core.o
                0x0000000008075356                USBD_LL_IsoOUTIncomplete
 .text.USBD_LL_DevConnected
                0x000000000807536e       0x14 Middlewares/USB_Device_Library/usbd_core.o
                0x000000000807536e                USBD_LL_DevConnected
 .text.USBD_LL_DevDisconnected
                0x0000000008075382       0x2e Middlewares/USB_Device_Library/usbd_core.o
                0x0000000008075382                USBD_LL_DevDisconnected
 .text.USBD_StdDevReq
                0x00000000080753b0       0xa0 Middlewares/USB_Device_Library/usbd_ctlreq.o
                0x00000000080753b0                USBD_StdDevReq
 .text.USBD_StdItfReq
                0x0000000008075450       0x66 Middlewares/USB_Device_Library/usbd_ctlreq.o
                0x0000000008075450                USBD_StdItfReq
 .text.USBD_StdEPReq
                0x00000000080754b6      0x1b8 Middlewares/USB_Device_Library/usbd_ctlreq.o
                0x00000000080754b6                USBD_StdEPReq
 *fill*         0x000000000807566e        0x2 
 .text.USBD_GetDescriptor
                0x0000000008075670      0x1e8 Middlewares/USB_Device_Library/usbd_ctlreq.o
 .text.USBD_SetAddress
                0x0000000008075858       0x7e Middlewares/USB_Device_Library/usbd_ctlreq.o
 *fill*         0x00000000080758d6        0x2 
 .text.USBD_SetConfig
                0x00000000080758d8      0x110 Middlewares/USB_Device_Library/usbd_ctlreq.o
 .text.USBD_GetConfig
                0x00000000080759e8       0x64 Middlewares/USB_Device_Library/usbd_ctlreq.o
 .text.USBD_GetStatus
                0x0000000008075a4c       0x54 Middlewares/USB_Device_Library/usbd_ctlreq.o
 .text.USBD_SetFeature
                0x0000000008075aa0       0x36 Middlewares/USB_Device_Library/usbd_ctlreq.o
 .text.USBD_ClrFeature
                0x0000000008075ad6       0x50 Middlewares/USB_Device_Library/usbd_ctlreq.o
 .text.USBD_ParseSetupRequest
                0x0000000008075b26       0x78 Middlewares/USB_Device_Library/usbd_ctlreq.o
                0x0000000008075b26                USBD_ParseSetupRequest
 .text.USBD_CtlError
                0x0000000008075b9e       0x22 Middlewares/USB_Device_Library/usbd_ctlreq.o
                0x0000000008075b9e                USBD_CtlError
 .text.USBD_GetString
                0x0000000008075bc0       0x86 Middlewares/USB_Device_Library/usbd_ctlreq.o
                0x0000000008075bc0                USBD_GetString
 .text.USBD_GetLen
                0x0000000008075c46       0x2e Middlewares/USB_Device_Library/usbd_ctlreq.o
 .text.USBD_CtlSendData
                0x0000000008075c74       0x38 Middlewares/USB_Device_Library/usbd_ioreq.o
                0x0000000008075c74                USBD_CtlSendData
 .text.USBD_CtlContinueSendData
                0x0000000008075cac       0x24 Middlewares/USB_Device_Library/usbd_ioreq.o
                0x0000000008075cac                USBD_CtlContinueSendData
 .text.USBD_CtlContinueRx
                0x0000000008075cd0       0x24 Middlewares/USB_Device_Library/usbd_ioreq.o
                0x0000000008075cd0                USBD_CtlContinueRx
 .text.USBD_CtlSendStatus
                0x0000000008075cf4       0x26 Middlewares/USB_Device_Library/usbd_ioreq.o
                0x0000000008075cf4                USBD_CtlSendStatus
 .text.USBD_CtlReceiveStatus
                0x0000000008075d1a       0x26 Middlewares/USB_Device_Library/usbd_ioreq.o
                0x0000000008075d1a                USBD_CtlReceiveStatus
 .text.USBD_MSC_Init
                0x0000000008075d40       0x86 Middlewares/USB_Device_Library/usbd_msc.o
                0x0000000008075d40                USBD_MSC_Init
 .text.USBD_MSC_DeInit
                0x0000000008075dc6       0x4a Middlewares/USB_Device_Library/usbd_msc.o
                0x0000000008075dc6                USBD_MSC_DeInit
 .text.USBD_MSC_Setup
                0x0000000008075e10      0x178 Middlewares/USB_Device_Library/usbd_msc.o
                0x0000000008075e10                USBD_MSC_Setup
 .text.USBD_MSC_DataIn
                0x0000000008075f88       0x20 Middlewares/USB_Device_Library/usbd_msc.o
                0x0000000008075f88                USBD_MSC_DataIn
 .text.USBD_MSC_DataOut
                0x0000000008075fa8       0x20 Middlewares/USB_Device_Library/usbd_msc.o
                0x0000000008075fa8                USBD_MSC_DataOut
 .text.USBD_MSC_GetHSCfgDesc
                0x0000000008075fc8       0x20 Middlewares/USB_Device_Library/usbd_msc.o
                0x0000000008075fc8                USBD_MSC_GetHSCfgDesc
 .text.USBD_MSC_GetFSCfgDesc
                0x0000000008075fe8       0x20 Middlewares/USB_Device_Library/usbd_msc.o
                0x0000000008075fe8                USBD_MSC_GetFSCfgDesc
 .text.USBD_MSC_GetOtherSpeedCfgDesc
                0x0000000008076008       0x20 Middlewares/USB_Device_Library/usbd_msc.o
                0x0000000008076008                USBD_MSC_GetOtherSpeedCfgDesc
 .text.USBD_MSC_GetDeviceQualifierDescriptor
                0x0000000008076028       0x20 Middlewares/USB_Device_Library/usbd_msc.o
                0x0000000008076028                USBD_MSC_GetDeviceQualifierDescriptor
 .text.USBD_MSC_RegisterStorage
                0x0000000008076048       0x24 Middlewares/USB_Device_Library/usbd_msc.o
                0x0000000008076048                USBD_MSC_RegisterStorage
 .text.MSC_BOT_Init
                0x000000000807606c       0x6a Middlewares/USB_Device_Library/usbd_msc_bot.o
                0x000000000807606c                MSC_BOT_Init
 .text.MSC_BOT_Reset
                0x00000000080760d6       0x36 Middlewares/USB_Device_Library/usbd_msc_bot.o
                0x00000000080760d6                MSC_BOT_Reset
 .text.MSC_BOT_DeInit
                0x000000000807610c       0x20 Middlewares/USB_Device_Library/usbd_msc_bot.o
                0x000000000807610c                MSC_BOT_DeInit
 .text.MSC_BOT_DataIn
                0x000000000807612c       0x6a Middlewares/USB_Device_Library/usbd_msc_bot.o
                0x000000000807612c                MSC_BOT_DataIn
 .text.MSC_BOT_DataOut
                0x0000000008076196       0x5c Middlewares/USB_Device_Library/usbd_msc_bot.o
                0x0000000008076196                MSC_BOT_DataOut
 *fill*         0x00000000080761f2        0x2 
 .text.MSC_BOT_CBW_Decode
                0x00000000080761f4      0x12c Middlewares/USB_Device_Library/usbd_msc_bot.o
 .text.MSC_BOT_SendData
                0x0000000008076320       0x68 Middlewares/USB_Device_Library/usbd_msc_bot.o
 .text.MSC_BOT_SendCSW
                0x0000000008076388       0x64 Middlewares/USB_Device_Library/usbd_msc_bot.o
                0x0000000008076388                MSC_BOT_SendCSW
 .text.MSC_BOT_Abort
                0x00000000080763ec       0x66 Middlewares/USB_Device_Library/usbd_msc_bot.o
 .text.MSC_BOT_CplClrFeature
                0x0000000008076452       0x4c Middlewares/USB_Device_Library/usbd_msc_bot.o
                0x0000000008076452                MSC_BOT_CplClrFeature
 *fill*         0x000000000807649e        0x2 
 .text.SCSI_ProcessCmd
                0x00000000080764a0      0x264 Middlewares/USB_Device_Library/usbd_msc_scsi.o
                0x00000000080764a0                SCSI_ProcessCmd
 .text.SCSI_TestUnitReady
                0x0000000008076704       0x7a Middlewares/USB_Device_Library/usbd_msc_scsi.o
 *fill*         0x000000000807677e        0x2 
 .text.SCSI_Inquiry
                0x0000000008076780       0x9c Middlewares/USB_Device_Library/usbd_msc_scsi.o
 .text.SCSI_ReadCapacity10
                0x000000000807681c       0xf4 Middlewares/USB_Device_Library/usbd_msc_scsi.o
 .text.SCSI_ReadFormatCapacity
                0x0000000008076910       0xc8 Middlewares/USB_Device_Library/usbd_msc_scsi.o
 .text.SCSI_ModeSense6
                0x00000000080769d8       0x50 Middlewares/USB_Device_Library/usbd_msc_scsi.o
 .text.SCSI_ModeSense10
                0x0000000008076a28       0x50 Middlewares/USB_Device_Library/usbd_msc_scsi.o
 .text.SCSI_RequestSense
                0x0000000008076a78       0xfe Middlewares/USB_Device_Library/usbd_msc_scsi.o
 .text.SCSI_SenseCode
                0x0000000008076b76       0x92 Middlewares/USB_Device_Library/usbd_msc_scsi.o
                0x0000000008076b76                SCSI_SenseCode
 .text.SCSI_StartStopUnit
                0x0000000008076c08       0x28 Middlewares/USB_Device_Library/usbd_msc_scsi.o
 .text.SCSI_Read10
                0x0000000008076c30      0x17e Middlewares/USB_Device_Library/usbd_msc_scsi.o
 .text.SCSI_Write10
                0x0000000008076dae      0x1c4 Middlewares/USB_Device_Library/usbd_msc_scsi.o
 .text.SCSI_Verify10
                0x0000000008076f72       0x70 Middlewares/USB_Device_Library/usbd_msc_scsi.o
 .text.SCSI_CheckAddressRange
                0x0000000008076fe2       0x4c Middlewares/USB_Device_Library/usbd_msc_scsi.o
 .text.SCSI_ProcessRead
                0x000000000807702e       0xf8 Middlewares/USB_Device_Library/usbd_msc_scsi.o
 .text.SCSI_ProcessWrite
                0x0000000008077126      0x10e Middlewares/USB_Device_Library/usbd_msc_scsi.o
 .text.atoi     0x0000000008077234        0x8 /Applications/STM32CubeIDE.app/Contents/Eclipse/plugins/com.st.stm32cube.ide.mcu.externaltools.gnu-tools-for-stm32.9-2020-q2-update.macos64_1.5.0.202011040924/tools/bin/../lib/gcc/arm-none-eabi/9.3.1/../../../../arm-none-eabi/lib/thumb/v7e-m/nofp/libc_nano.a(lib_a-atoi.o)
                0x0000000008077234                atoi
 .text.__libc_init_array
                0x000000000807723c       0x48 /Applications/STM32CubeIDE.app/Contents/Eclipse/plugins/com.st.stm32cube.ide.mcu.externaltools.gnu-tools-for-stm32.9-2020-q2-update.macos64_1.5.0.202011040924/tools/bin/../lib/gcc/arm-none-eabi/9.3.1/../../../../arm-none-eabi/lib/thumb/v7e-m/nofp/libc_nano.a(lib_a-init.o)
                0x000000000807723c                __libc_init_array
 .text.isalpha  0x0000000008077284       0x10 /Applications/STM32CubeIDE.app/Contents/Eclipse/plugins/com.st.stm32cube.ide.mcu.externaltools.gnu-tools-for-stm32.9-2020-q2-update.macos64_1.5.0.202011040924/tools/bin/../lib/gcc/arm-none-eabi/9.3.1/../../../../arm-none-eabi/lib/thumb/v7e-m/nofp/libc_nano.a(lib_a-isalpha.o)
                0x0000000008077284                isalpha
 .text.malloc   0x0000000008077294       0x10 /Applications/STM32CubeIDE.app/Contents/Eclipse/plugins/com.st.stm32cube.ide.mcu.externaltools.gnu-tools-for-stm32.9-2020-q2-update.macos64_1.5.0.202011040924/tools/bin/../lib/gcc/arm-none-eabi/9.3.1/../../../../arm-none-eabi/lib/thumb/v7e-m/nofp/libc_nano.a(lib_a-malloc.o)
                0x0000000008077294                malloc
 .text.free     0x00000000080772a4       0x10 /Applications/STM32CubeIDE.app/Contents/Eclipse/plugins/com.st.stm32cube.ide.mcu.externaltools.gnu-tools-for-stm32.9-2020-q2-update.macos64_1.5.0.202011040924/tools/bin/../lib/gcc/arm-none-eabi/9.3.1/../../../../arm-none-eabi/lib/thumb/v7e-m/nofp/libc_nano.a(lib_a-malloc.o)
                0x00000000080772a4                free
 .text.memcmp   0x00000000080772b4       0x1c /Applications/STM32CubeIDE.app/Contents/Eclipse/plugins/com.st.stm32cube.ide.mcu.externaltools.gnu-tools-for-stm32.9-2020-q2-update.macos64_1.5.0.202011040924/tools/bin/../lib/gcc/arm-none-eabi/9.3.1/../../../../arm-none-eabi/lib/thumb/v7e-m/nofp/libc_nano.a(lib_a-memcmp.o)
                0x00000000080772b4                memcmp
 .text.memcpy   0x00000000080772d0       0x1c /Applications/STM32CubeIDE.app/Contents/Eclipse/plugins/com.st.stm32cube.ide.mcu.externaltools.gnu-tools-for-stm32.9-2020-q2-update.macos64_1.5.0.202011040924/tools/bin/../lib/gcc/arm-none-eabi/9.3.1/../../../../arm-none-eabi/lib/thumb/v7e-m/nofp/libc_nano.a(lib_a-memcpy-stub.o)
                0x00000000080772d0                memcpy
 .text.memmove  0x00000000080772ec       0x34 /Applications/STM32CubeIDE.app/Contents/Eclipse/plugins/com.st.stm32cube.ide.mcu.externaltools.gnu-tools-for-stm32.9-2020-q2-update.macos64_1.5.0.202011040924/tools/bin/../lib/gcc/arm-none-eabi/9.3.1/../../../../arm-none-eabi/lib/thumb/v7e-m/nofp/libc_nano.a(lib_a-memmove.o)
                0x00000000080772ec                memmove
 .text.memset   0x0000000008077320       0x10 /Applications/STM32CubeIDE.app/Contents/Eclipse/plugins/com.st.stm32cube.ide.mcu.externaltools.gnu-tools-for-stm32.9-2020-q2-update.macos64_1.5.0.202011040924/tools/bin/../lib/gcc/arm-none-eabi/9.3.1/../../../../arm-none-eabi/lib/thumb/v7e-m/nofp/libc_nano.a(lib_a-memset.o)
                0x0000000008077320                memset
 .text._free_r  0x0000000008077330       0x9c /Applications/STM32CubeIDE.app/Contents/Eclipse/plugins/com.st.stm32cube.ide.mcu.externaltools.gnu-tools-for-stm32.9-2020-q2-update.macos64_1.5.0.202011040924/tools/bin/../lib/gcc/arm-none-eabi/9.3.1/../../../../arm-none-eabi/lib/thumb/v7e-m/nofp/libc_nano.a(lib_a-nano-freer.o)
                0x0000000008077330                _free_r
 .text._malloc_r