18:00:17 **** Incremental Build of configuration Debug for project Prova Interrupt 2 ****
make -j7 all 
arm-none-eabi-gcc "../Core/Src/main.c" -mcpu=cortex-m4 -std=gnu11 -g3 -DUSE_HAL_DRIVER -DDEBUG -DSTM32F429xx -c -I../Core/Inc -I../Drivers/STM32F4xx_HAL_Driver/Inc -I../Drivers/STM32F4xx_HAL_Driver/Inc/Legacy -I../Drivers/CMSIS/Device/ST/STM32F4xx/Include -I../Drivers/CMSIS/Include -O0 -ffunction-sections -fdata-sections -Wall -fstack-usage -MMD -MP -MF"Core/Src/main.d" -MT"Core/Src/main.o" --specs=nano.specs -mfpu=fpv4-sp-d16 -mfloat-abi=hard -mthumb -o "Core/Src/main.o"
../Core/Src/main.c: In function 'main':
../Core/Src/main.c:97:12: warning: unused variable 'dataPtr' [-Wunused-variable]
   uint16_t dataPtr;
            ^~~~~~~
arm-none-eabi-gcc -o "Prova Interrupt 2.elf" @"objects.list"   -mcpu=cortex-m4 -T"/Users/antonioepifani/Tesi/prova/SEcube firmware 2/environment/ws/Prova Interrupt 2/STM32F429NIHX_FLASH.ld" --specs=nosys.specs -Wl,-Map="Prova Interrupt 2.map" -Wl,--gc-sections -static --specs=nano.specs -mfpu=fpv4-sp-d16 -mfloat-abi=hard -mthumb -Wl,--start-group -lc -lm -Wl,--end-group
Finished building target: Prova Interrupt 2.elf
 
arm-none-eabi-objdump -h -S  Prova\ Interrupt\ 2.elf  > "Prova Interrupt 2.list"
arm-none-eabi-objcopy  -O binary  Prova\ Interrupt\ 2.elf  "Prova Interrupt 2.bin"
arm-none-eabi-size   Prova\ Interrupt\ 2.elf 
   text	   data	    bss	    dec	    hex	filename
   6032	     20	   1572	   7624	   1dc8	Prova Interrupt 2.elf
Finished building: default.size.stdout
 
Finished building: Prova Interrupt 2.bin
 
Finished building: Prova Interrupt 2.list
 

18:00:18 Build Finished. 0 errors, 1 warnings. (took 1s.360ms)

