core_cm4.h:1596:20:NVIC_SetPriorityGrouping	24	static
core_cm4.h:1615:24:NVIC_GetPriorityGrouping	4	static
core_cm4.h:1626:20:NVIC_EnableIRQ	16	static
core_cm4.h:1637:20:NVIC_DisableIRQ	16	static
core_cm4.h:1650:24:NVIC_GetPendingIRQ	16	static
core_cm4.h:1661:20:NVIC_SetPendingIRQ	16	static
core_cm4.h:1672:20:NVIC_ClearPendingIRQ	16	static
core_cm4.h:1685:24:NVIC_GetActive	16	static
core_cm4.h:1698:20:NVIC_SetPriority	16	static
core_cm4.h:1720:24:NVIC_GetPriority	16	static
core_cm4.h:1745:24:NVIC_EncodePriority	40	static
core_cm4.h:1772:20:NVIC_DecodePriority	40	static
core_cm4.h:1790:20:NVIC_SystemReset	4	static,ignoring_inline_asm
core_cm4.h:1830:24:SysTick_Config	16	static
stm32f4xx_hal_cortex.c:161:6:HAL_NVIC_SetPriorityGrouping	16	static
stm32f4xx_hal_cortex.c:183:6:HAL_NVIC_SetPriority	32	static
stm32f4xx_hal_cortex.c:205:6:HAL_NVIC_EnableIRQ	16	static
stm32f4xx_hal_cortex.c:221:6:HAL_NVIC_DisableIRQ	16	static
stm32f4xx_hal_cortex.c:234:6:HAL_NVIC_SystemReset	8	static
stm32f4xx_hal_cortex.c:247:10:HAL_SYSTICK_Config	16	static
stm32f4xx_hal_cortex.c:278:6:HAL_MPU_ConfigRegion	16	static
stm32f4xx_hal_cortex.c:322:10:HAL_NVIC_GetPriorityGrouping	8	static
stm32f4xx_hal_cortex.c:349:6:HAL_NVIC_GetPriority	24	static
stm32f4xx_hal_cortex.c:364:6:HAL_NVIC_SetPendingIRQ	16	static
stm32f4xx_hal_cortex.c:382:10:HAL_NVIC_GetPendingIRQ	16	static
stm32f4xx_hal_cortex.c:398:6:HAL_NVIC_ClearPendingIRQ	16	static
stm32f4xx_hal_cortex.c:415:10:HAL_NVIC_GetActive	16	static
stm32f4xx_hal_cortex.c:432:6:HAL_SYSTICK_CLKSourceConfig	16	static
stm32f4xx_hal_cortex.c:450:6:HAL_SYSTICK_IRQHandler	8	static
stm32f4xx_hal_cortex.c:459:28:HAL_SYSTICK_Callback	4	static
